2026-09-26 02:31:21,954 - INFO - ===================START===================
2026-09-26 02:31:21,954 - INFO - ====== WebDriver manager ======
2026-09-26 02:31:23,888 - INFO - Get LATEST chromedriver version for google-chrome
2026-09-26 02:31:23,991 - INFO - There is no [linux64] chromedriver "153.0.8010.52" for browser google-chrome "153.0.8010" in cache
2026-09-26 02:31:24,019 - INFO - There is no [linux64] chromedriver "153.0.8010.52" for browser google-chrome "153.0.8010" in cache
2026-09-26 02:31:24,019 - INFO - Get LATEST chromedriver version for google-chrome
2026-09-26 02:31:24,232 - INFO - WebDriver version 153.0.8010.52 selected
2026-09-26 02:31:24,236 - INFO - Modern chrome version https://storage.googleapis.com/chrome-for-testing-public/153.0.8010.52/linux64/chromedriver-linux64.zip
2026-09-26 02:31:24,237 - INFO - About to download new driver from https://storage.googleapis.com/chrome-for-testing-public/153.0.8010.52/linux64/chromedriver-linux64.zip
2026-09-26 02:31:24,335 - INFO - Driver downloading response is 200
2026-09-26 02:31:24,599 - INFO - Driver has been saved in cache [/home/runner/.wdm/drivers/chromedriver/linux64/153.0.8010.52]
2026-09-26 02:31:24,600 - INFO - chrome_driver_path: /home/runner/.wdm/drivers/chromedriver/linux64/153.0.8010.52/chromedriver-linux64/chromedriver
2026-09-26 02:31:31,040 - INFO - Removing log file: get-imdb-sha256-20260916021904418.log
2026-09-26 02:31:31,041 - INFO - Chrome Browser Version: 153.0.8010.52
2026-09-26 02:31:31,041 - INFO - ChromeDriver Version: 153.0.8010.52 (78e5e45d4bb41035e17ea4da2cc257f496416ac9-refs/branch-heads/8010@{#1443})
2026-09-26 02:31:31,041 - INFO - Current URL: https://www.imdb.com/search/title/
2026-09-26 02:31:31,041 - INFO - Keyword: Shrek
2026-09-26 02:31:57,043 - ERROR - An error occurred: Message: 
Stacktrace:
#0 0x55c23b5019fa <unknown>
#1 0x55c23ae375b9 <unknown>
#2 0x55c23ae8ddfc <unknown>
#3 0x55c23ae8e071 <unknown>
#4 0x55c23aeda664 <unknown>
#5 0x55c23aed78de <unknown>
#6 0x55c23ae80b8b <unknown>
#7 0x55c23ae81971 <unknown>
#8 0x55c23b4c4667 <unknown>
#9 0x55c23b4c2e95 <unknown>
#10 0x55c23b4adf55 <unknown>
#11 0x55c23b4c3aea <unknown>
#12 0x55c23b4966c9 <unknown>
#13 0x55c23b4eb9a8 <unknown>
#14 0x55c23b4ebb45 <unknown>
#15 0x55c23b500353 <unknown>
#16 0x7f04cba9cb84 <unknown>
#17 0x7f04cbb29ecc <unknown>

2026-09-26 02:31:57,133 - INFO - Failed to retrieve SHA-256 hash.
2026-09-26 02:31:57,133 - INFO - ====================END====================
