2026-07-26 01:48:52,584 - INFO - ===================START===================
2026-07-26 01:48:52,584 - INFO - ====== WebDriver manager ======
2026-07-26 01:48:56,935 - INFO - Get LATEST chromedriver version for google-chrome
2026-07-26 01:48:56,980 - INFO - There is no [linux64] chromedriver "150.0.7871.124" for browser google-chrome "150.0.7871" in cache
2026-07-26 01:48:57,015 - INFO - There is no [linux64] chromedriver "150.0.7871.124" for browser google-chrome "150.0.7871" in cache
2026-07-26 01:48:57,015 - INFO - Get LATEST chromedriver version for google-chrome
2026-07-26 01:48:57,116 - INFO - WebDriver version 150.0.7871.124 selected
2026-07-26 01:48:57,122 - INFO - Modern chrome version https://storage.googleapis.com/chrome-for-testing-public/150.0.7871.124/linux64/chromedriver-linux64.zip
2026-07-26 01:48:57,122 - INFO - About to download new driver from https://storage.googleapis.com/chrome-for-testing-public/150.0.7871.124/linux64/chromedriver-linux64.zip
2026-07-26 01:48:57,221 - INFO - Driver downloading response is 200
2026-07-26 01:48:57,439 - INFO - Driver has been saved in cache [/home/runner/.wdm/drivers/chromedriver/linux64/150.0.7871.124]
2026-07-26 01:48:57,441 - INFO - chrome_driver_path: /home/runner/.wdm/drivers/chromedriver/linux64/150.0.7871.124/chromedriver-linux64/chromedriver
2026-07-26 01:49:11,509 - INFO - Removing log file: get-imdb-sha256-20260716014234137.log
2026-07-26 01:49:11,510 - INFO - Chrome Browser Version: 150.0.7871.128
2026-07-26 01:49:11,510 - INFO - ChromeDriver Version: 150.0.7871.124 (9261fd0a595ac4964ea84e6bd4a025c1173a2ffa-refs/branch-heads/7871@{#3359})
2026-07-26 01:49:11,510 - INFO - Current URL: https://www.imdb.com/search/title/
2026-07-26 01:49:11,510 - INFO - Keyword: Shrek
2026-07-26 01:49:38,024 - ERROR - An error occurred: Message: 
Stacktrace:
#0 0x5620f5b5a44a <unknown>
#1 0x5620f55328c9 <unknown>
#2 0x5620f5587f32 <unknown>
#3 0x5620f5588181 <unknown>
#4 0x5620f55d3374 <unknown>
#5 0x5620f55d055d <unknown>
#6 0x5620f557b3ff <unknown>
#7 0x5620f557c261 <unknown>
#8 0x5620f5b1fcc7 <unknown>
#9 0x5620f5b1e4a8 <unknown>
#10 0x5620f5b09196 <unknown>
#11 0x5620f5b1f06a <unknown>
#12 0x5620f5af1020 <unknown>
#13 0x5620f5b45b98 <unknown>
#14 0x5620f5b45d35 <unknown>
#15 0x5620f5b58ffe <unknown>
#16 0x7f0f52c9caa4 <unknown>
#17 0x7f0f52d29c6c <unknown>

2026-07-26 01:49:38,113 - INFO - Failed to retrieve SHA-256 hash.
2026-07-26 01:49:38,113 - INFO - ====================END====================
