2026-07-25 01:46:16,495 - INFO - ===================START===================
2026-07-25 01:46:16,495 - INFO - ====== WebDriver manager ======
2026-07-25 01:46:16,887 - INFO - Get LATEST chromedriver version for google-chrome
2026-07-25 01:46:16,947 - INFO - There is no [linux64] chromedriver "150.0.7871.124" for browser google-chrome "150.0.7871" in cache
2026-07-25 01:46:16,974 - INFO - There is no [linux64] chromedriver "150.0.7871.124" for browser google-chrome "150.0.7871" in cache
2026-07-25 01:46:16,974 - INFO - Get LATEST chromedriver version for google-chrome
2026-07-25 01:46:17,131 - INFO - WebDriver version 150.0.7871.124 selected
2026-07-25 01:46:17,136 - INFO - Modern chrome version https://storage.googleapis.com/chrome-for-testing-public/150.0.7871.124/linux64/chromedriver-linux64.zip
2026-07-25 01:46:17,136 - INFO - About to download new driver from https://storage.googleapis.com/chrome-for-testing-public/150.0.7871.124/linux64/chromedriver-linux64.zip
2026-07-25 01:46:17,251 - INFO - Driver downloading response is 200
2026-07-25 01:46:17,521 - INFO - Driver has been saved in cache [/home/runner/.wdm/drivers/chromedriver/linux64/150.0.7871.124]
2026-07-25 01:46:17,522 - INFO - chrome_driver_path: /home/runner/.wdm/drivers/chromedriver/linux64/150.0.7871.124/chromedriver-linux64/chromedriver
2026-07-25 01:46:21,399 - INFO - Removing log file: get-imdb-sha256-20260715012211561.log
2026-07-25 01:46:21,399 - INFO - Chrome Browser Version: 150.0.7871.128
2026-07-25 01:46:21,399 - INFO - ChromeDriver Version: 150.0.7871.124 (9261fd0a595ac4964ea84e6bd4a025c1173a2ffa-refs/branch-heads/7871@{#3359})
2026-07-25 01:46:21,399 - INFO - Current URL: https://www.imdb.com/search/title/
2026-07-25 01:46:21,399 - INFO - Keyword: Shrek
2026-07-25 01:46:47,224 - ERROR - An error occurred: Message: 
Stacktrace:
#0 0x555ec945b44a <unknown>
#1 0x555ec8e338c9 <unknown>
#2 0x555ec8e88f32 <unknown>
#3 0x555ec8e89181 <unknown>
#4 0x555ec8ed4374 <unknown>
#5 0x555ec8ed155d <unknown>
#6 0x555ec8e7c3ff <unknown>
#7 0x555ec8e7d261 <unknown>
#8 0x555ec9420cc7 <unknown>
#9 0x555ec941f4a8 <unknown>
#10 0x555ec940a196 <unknown>
#11 0x555ec942006a <unknown>
#12 0x555ec93f2020 <unknown>
#13 0x555ec9446b98 <unknown>
#14 0x555ec9446d35 <unknown>
#15 0x555ec9459ffe <unknown>
#16 0x7fc80ec9caa4 <unknown>
#17 0x7fc80ed29c6c <unknown>

2026-07-25 01:46:47,393 - INFO - Failed to retrieve SHA-256 hash.
2026-07-25 01:46:47,393 - INFO - ====================END====================
