2026-08-05 01:39:53,604 - INFO - ===================START===================
2026-08-05 01:39:53,604 - INFO - ====== WebDriver manager ======
2026-08-05 01:39:53,836 - INFO - Get LATEST chromedriver version for google-chrome
2026-08-05 01:39:53,877 - INFO - There is no [linux64] chromedriver "150.0.7871.124" for browser google-chrome "150.0.7871" in cache
2026-08-05 01:39:53,909 - INFO - There is no [linux64] chromedriver "150.0.7871.124" for browser google-chrome "150.0.7871" in cache
2026-08-05 01:39:53,909 - INFO - Get LATEST chromedriver version for google-chrome
2026-08-05 01:39:54,023 - INFO - WebDriver version 150.0.7871.124 selected
2026-08-05 01:39:54,029 - INFO - Modern chrome version https://storage.googleapis.com/chrome-for-testing-public/150.0.7871.124/linux64/chromedriver-linux64.zip
2026-08-05 01:39:54,029 - INFO - About to download new driver from https://storage.googleapis.com/chrome-for-testing-public/150.0.7871.124/linux64/chromedriver-linux64.zip
2026-08-05 01:39:54,123 - INFO - Driver downloading response is 200
2026-08-05 01:39:54,390 - INFO - Driver has been saved in cache [/home/runner/.wdm/drivers/chromedriver/linux64/150.0.7871.124]
2026-08-05 01:39:54,392 - INFO - chrome_driver_path: /home/runner/.wdm/drivers/chromedriver/linux64/150.0.7871.124/chromedriver-linux64/chromedriver
2026-08-05 01:39:55,242 - INFO - Removing log file: get-imdb-sha256-20260726014852584.log
2026-08-05 01:39:55,242 - INFO - Chrome Browser Version: 150.0.7871.128
2026-08-05 01:39:55,242 - INFO - ChromeDriver Version: 150.0.7871.124 (9261fd0a595ac4964ea84e6bd4a025c1173a2ffa-refs/branch-heads/7871@{#3359})
2026-08-05 01:39:55,242 - INFO - Current URL: https://www.imdb.com/search/title/
2026-08-05 01:39:55,242 - INFO - Keyword: Shrek
2026-08-05 01:40:21,043 - ERROR - An error occurred: Message: 
Stacktrace:
#0 0x55883dda344a <unknown>
#1 0x55883d77b8c9 <unknown>
#2 0x55883d7d0f32 <unknown>
#3 0x55883d7d1181 <unknown>
#4 0x55883d81c374 <unknown>
#5 0x55883d81955d <unknown>
#6 0x55883d7c43ff <unknown>
#7 0x55883d7c5261 <unknown>
#8 0x55883dd68cc7 <unknown>
#9 0x55883dd674a8 <unknown>
#10 0x55883dd52196 <unknown>
#11 0x55883dd6806a <unknown>
#12 0x55883dd3a020 <unknown>
#13 0x55883dd8eb98 <unknown>
#14 0x55883dd8ed35 <unknown>
#15 0x55883dda1ffe <unknown>
#16 0x7f30e3e9caa4 <unknown>
#17 0x7f30e3f29c6c <unknown>

2026-08-05 01:40:21,139 - INFO - Failed to retrieve SHA-256 hash.
2026-08-05 01:40:21,139 - INFO - ====================END====================
