2026-08-24 00:39:36,850 - INFO - ===================START===================
2026-08-24 00:39:36,851 - INFO - ====== WebDriver manager ======
2026-08-24 00:39:37,509 - INFO - Get LATEST chromedriver version for google-chrome
2026-08-24 00:39:37,584 - INFO - There is no [linux64] chromedriver "151.0.7922.138" for browser google-chrome "151.0.7922" in cache
2026-08-24 00:39:37,609 - INFO - There is no [linux64] chromedriver "151.0.7922.138" for browser google-chrome "151.0.7922" in cache
2026-08-24 00:39:37,610 - INFO - Get LATEST chromedriver version for google-chrome
2026-08-24 00:39:37,761 - INFO - WebDriver version 151.0.7922.138 selected
2026-08-24 00:39:37,765 - INFO - Modern chrome version https://storage.googleapis.com/chrome-for-testing-public/151.0.7922.138/linux64/chromedriver-linux64.zip
2026-08-24 00:39:37,766 - INFO - About to download new driver from https://storage.googleapis.com/chrome-for-testing-public/151.0.7922.138/linux64/chromedriver-linux64.zip
2026-08-24 00:39:37,908 - INFO - Driver downloading response is 200
2026-08-24 00:39:38,205 - INFO - Driver has been saved in cache [/home/runner/.wdm/drivers/chromedriver/linux64/151.0.7922.138]
2026-08-24 00:39:38,206 - INFO - chrome_driver_path: /home/runner/.wdm/drivers/chromedriver/linux64/151.0.7922.138/chromedriver-linux64/chromedriver
2026-08-24 00:39:39,330 - INFO - Removing log file: get-imdb-sha256-20260814010316477.log
2026-08-24 00:39:39,331 - INFO - Chrome Browser Version: 151.0.7922.137
2026-08-24 00:39:39,331 - INFO - ChromeDriver Version: 151.0.7922.138 (41fa82442390a4d4456c78f2d69a832d5720cb27-refs/branch-heads/7922@{#2891})
2026-08-24 00:39:39,331 - INFO - Current URL: https://www.imdb.com/search/title/
2026-08-24 00:39:39,332 - INFO - Keyword: Shrek
2026-08-24 00:40:05,234 - ERROR - An error occurred: Message: 
Stacktrace:
#0 0x5580b384536a <unknown>
#1 0x5580b31b8f49 <unknown>
#2 0x5580b320e7e2 <unknown>
#3 0x5580b320ea31 <unknown>
#4 0x5580b3259ed4 <unknown>
#5 0x5580b32570c3 <unknown>
#6 0x5580b3201c92 <unknown>
#7 0x5580b3202b11 <unknown>
#8 0x5580b380a8d0 <unknown>
#9 0x5580b3808f3a <unknown>
#10 0x5580b37f39b5 <unknown>
#11 0x5580b3809c0a <unknown>
#12 0x5580b37db740 <unknown>
#13 0x5580b38309a8 <unknown>
#14 0x5580b3830b45 <unknown>
#15 0x5580b3843f1e <unknown>
#16 0x7f781389cb84 <unknown>
#17 0x7f7813929d6c <unknown>

2026-08-24 00:40:05,322 - INFO - Failed to retrieve SHA-256 hash.
2026-08-24 00:40:05,322 - INFO - ====================END====================
