2026-09-24 02:11:13,252 - INFO - ===================START===================
2026-09-24 02:11:13,252 - INFO - ====== WebDriver manager ======
2026-09-24 02:11:15,996 - INFO - Get LATEST chromedriver version for google-chrome
2026-09-24 02:11:16,066 - INFO - There is no [linux64] chromedriver "153.0.8010.52" for browser google-chrome "153.0.8010" in cache
2026-09-24 02:11:16,089 - INFO - There is no [linux64] chromedriver "153.0.8010.52" for browser google-chrome "153.0.8010" in cache
2026-09-24 02:11:16,090 - INFO - Get LATEST chromedriver version for google-chrome
2026-09-24 02:11:16,260 - INFO - WebDriver version 153.0.8010.52 selected
2026-09-24 02:11:16,264 - INFO - Modern chrome version https://storage.googleapis.com/chrome-for-testing-public/153.0.8010.52/linux64/chromedriver-linux64.zip
2026-09-24 02:11:16,264 - INFO - About to download new driver from https://storage.googleapis.com/chrome-for-testing-public/153.0.8010.52/linux64/chromedriver-linux64.zip
2026-09-24 02:11:16,366 - INFO - Driver downloading response is 200
2026-09-24 02:11:16,768 - INFO - Driver has been saved in cache [/home/runner/.wdm/drivers/chromedriver/linux64/153.0.8010.52]
2026-09-24 02:11:16,769 - INFO - chrome_driver_path: /home/runner/.wdm/drivers/chromedriver/linux64/153.0.8010.52/chromedriver-linux64/chromedriver
2026-09-24 02:11:25,364 - INFO - Removing log file: get-imdb-sha256-20260914021950197.log
2026-09-24 02:11:25,364 - INFO - Chrome Browser Version: 153.0.8010.52
2026-09-24 02:11:25,364 - INFO - ChromeDriver Version: 153.0.8010.52 (78e5e45d4bb41035e17ea4da2cc257f496416ac9-refs/branch-heads/8010@{#1443})
2026-09-24 02:11:25,364 - INFO - Current URL: https://www.imdb.com/search/title/
2026-09-24 02:11:25,364 - INFO - Keyword: Shrek
2026-09-24 02:11:51,343 - ERROR - An error occurred: Message: 
Stacktrace:
#0 0x56553ddef9fa <unknown>
#1 0x56553d7255b9 <unknown>
#2 0x56553d77bdfc <unknown>
#3 0x56553d77c071 <unknown>
#4 0x56553d7c8664 <unknown>
#5 0x56553d7c58de <unknown>
#6 0x56553d76eb8b <unknown>
#7 0x56553d76f971 <unknown>
#8 0x56553ddb2667 <unknown>
#9 0x56553ddb0e95 <unknown>
#10 0x56553dd9bf55 <unknown>
#11 0x56553ddb1aea <unknown>
#12 0x56553dd846c9 <unknown>
#13 0x56553ddd99a8 <unknown>
#14 0x56553ddd9b45 <unknown>
#15 0x56553ddee353 <unknown>
#16 0x7f69d109cb84 <unknown>
#17 0x7f69d1129ecc <unknown>

2026-09-24 02:11:51,429 - INFO - Failed to retrieve SHA-256 hash.
2026-09-24 02:11:51,429 - INFO - ====================END====================
