2026-08-10 00:56:45,497 - INFO - ===================START===================
2026-08-10 00:56:45,497 - INFO - ====== WebDriver manager ======
2026-08-10 00:56:47,914 - INFO - Get LATEST chromedriver version for google-chrome
2026-08-10 00:56:47,989 - INFO - There is no [linux64] chromedriver "150.0.7871.124" for browser google-chrome "150.0.7871" in cache
2026-08-10 00:56:48,018 - INFO - There is no [linux64] chromedriver "150.0.7871.124" for browser google-chrome "150.0.7871" in cache
2026-08-10 00:56:48,018 - INFO - Get LATEST chromedriver version for google-chrome
2026-08-10 00:56:48,193 - INFO - WebDriver version 150.0.7871.124 selected
2026-08-10 00:56:48,198 - INFO - Modern chrome version https://storage.googleapis.com/chrome-for-testing-public/150.0.7871.124/linux64/chromedriver-linux64.zip
2026-08-10 00:56:48,198 - INFO - About to download new driver from https://storage.googleapis.com/chrome-for-testing-public/150.0.7871.124/linux64/chromedriver-linux64.zip
2026-08-10 00:56:48,322 - INFO - Driver downloading response is 200
2026-08-10 00:56:48,526 - INFO - Driver has been saved in cache [/home/runner/.wdm/drivers/chromedriver/linux64/150.0.7871.124]
2026-08-10 00:56:48,527 - INFO - chrome_driver_path: /home/runner/.wdm/drivers/chromedriver/linux64/150.0.7871.124/chromedriver-linux64/chromedriver
2026-08-10 00:56:51,248 - INFO - Removing log file: get-imdb-sha256-20260731015033390.log
2026-08-10 00:56:51,248 - INFO - Chrome Browser Version: 150.0.7871.128
2026-08-10 00:56:51,248 - INFO - ChromeDriver Version: 150.0.7871.124 (9261fd0a595ac4964ea84e6bd4a025c1173a2ffa-refs/branch-heads/7871@{#3359})
2026-08-10 00:56:51,248 - INFO - Current URL: https://www.imdb.com/search/title/
2026-08-10 00:56:51,248 - INFO - Keyword: Shrek
2026-08-10 00:57:17,014 - ERROR - An error occurred: Message: 
Stacktrace:
#0 0x55aaa024c44a <unknown>
#1 0x55aa9fc248c9 <unknown>
#2 0x55aa9fc79f32 <unknown>
#3 0x55aa9fc7a181 <unknown>
#4 0x55aa9fcc5374 <unknown>
#5 0x55aa9fcc255d <unknown>
#6 0x55aa9fc6d3ff <unknown>
#7 0x55aa9fc6e261 <unknown>
#8 0x55aaa0211cc7 <unknown>
#9 0x55aaa02104a8 <unknown>
#10 0x55aaa01fb196 <unknown>
#11 0x55aaa021106a <unknown>
#12 0x55aaa01e3020 <unknown>
#13 0x55aaa0237b98 <unknown>
#14 0x55aaa0237d35 <unknown>
#15 0x55aaa024affe <unknown>
#16 0x7f3a6fa9caa4 <unknown>
#17 0x7f3a6fb29c6c <unknown>

2026-08-10 00:57:17,104 - INFO - Failed to retrieve SHA-256 hash.
2026-08-10 00:57:17,104 - INFO - ====================END====================
