2026-08-19 00:37:43,626 - INFO - ===================START===================
2026-08-19 00:37:43,626 - INFO - ====== WebDriver manager ======
2026-08-19 00:37:45,809 - INFO - Get LATEST chromedriver version for google-chrome
2026-08-19 00:37:45,880 - INFO - There is no [linux64] chromedriver "151.0.7922.138" for browser google-chrome "151.0.7922" in cache
2026-08-19 00:37:45,916 - INFO - There is no [linux64] chromedriver "151.0.7922.138" for browser google-chrome "151.0.7922" in cache
2026-08-19 00:37:45,916 - INFO - Get LATEST chromedriver version for google-chrome
2026-08-19 00:37:46,062 - INFO - WebDriver version 151.0.7922.138 selected
2026-08-19 00:37:46,070 - INFO - Modern chrome version https://storage.googleapis.com/chrome-for-testing-public/151.0.7922.138/linux64/chromedriver-linux64.zip
2026-08-19 00:37:46,071 - INFO - About to download new driver from https://storage.googleapis.com/chrome-for-testing-public/151.0.7922.138/linux64/chromedriver-linux64.zip
2026-08-19 00:37:46,125 - INFO - Driver downloading response is 200
2026-08-19 00:37:46,357 - INFO - Driver has been saved in cache [/home/runner/.wdm/drivers/chromedriver/linux64/151.0.7922.138]
2026-08-19 00:37:46,359 - INFO - chrome_driver_path: /home/runner/.wdm/drivers/chromedriver/linux64/151.0.7922.138/chromedriver-linux64/chromedriver
2026-08-19 00:37:53,071 - INFO - Removing log file: get-imdb-sha256-20260809005444044.log
2026-08-19 00:37:53,071 - INFO - Chrome Browser Version: 151.0.7922.108
2026-08-19 00:37:53,071 - INFO - ChromeDriver Version: 151.0.7922.138 (41fa82442390a4d4456c78f2d69a832d5720cb27-refs/branch-heads/7922@{#2891})
2026-08-19 00:37:53,072 - INFO - Current URL: https://www.imdb.com/search/title/
2026-08-19 00:37:53,072 - INFO - Keyword: Shrek
2026-08-19 00:38:18,974 - ERROR - An error occurred: Message: 
Stacktrace:
#0 0x55bd11be536a <unknown>
#1 0x55bd11558f49 <unknown>
#2 0x55bd115ae7e2 <unknown>
#3 0x55bd115aea31 <unknown>
#4 0x55bd115f9ed4 <unknown>
#5 0x55bd115f70c3 <unknown>
#6 0x55bd115a1c92 <unknown>
#7 0x55bd115a2b11 <unknown>
#8 0x55bd11baa8d0 <unknown>
#9 0x55bd11ba8f3a <unknown>
#10 0x55bd11b939b5 <unknown>
#11 0x55bd11ba9c0a <unknown>
#12 0x55bd11b7b740 <unknown>
#13 0x55bd11bd09a8 <unknown>
#14 0x55bd11bd0b45 <unknown>
#15 0x55bd11be3f1e <unknown>
#16 0x7f546b69cb84 <unknown>
#17 0x7f546b729d6c <unknown>

2026-08-19 00:38:19,069 - INFO - Failed to retrieve SHA-256 hash.
2026-08-19 00:38:19,070 - INFO - ====================END====================
