2026-09-23 02:23:03,342 - INFO - ===================START===================
2026-09-23 02:23:03,342 - INFO - ====== WebDriver manager ======
2026-09-23 02:23:05,791 - INFO - Get LATEST chromedriver version for google-chrome
2026-09-23 02:23:05,828 - INFO - There is no [linux64] chromedriver "152.0.7977.82" for browser google-chrome "152.0.7977" in cache
2026-09-23 02:23:05,863 - INFO - There is no [linux64] chromedriver "152.0.7977.82" for browser google-chrome "152.0.7977" in cache
2026-09-23 02:23:05,864 - INFO - Get LATEST chromedriver version for google-chrome
2026-09-23 02:23:05,973 - INFO - WebDriver version 152.0.7977.82 selected
2026-09-23 02:23:05,980 - INFO - Modern chrome version https://storage.googleapis.com/chrome-for-testing-public/152.0.7977.82/linux64/chromedriver-linux64.zip
2026-09-23 02:23:05,980 - INFO - About to download new driver from https://storage.googleapis.com/chrome-for-testing-public/152.0.7977.82/linux64/chromedriver-linux64.zip
2026-09-23 02:23:06,115 - INFO - Driver downloading response is 200
2026-09-23 02:23:06,529 - INFO - Driver has been saved in cache [/home/runner/.wdm/drivers/chromedriver/linux64/152.0.7977.82]
2026-09-23 02:23:06,531 - INFO - chrome_driver_path: /home/runner/.wdm/drivers/chromedriver/linux64/152.0.7977.82/chromedriver-linux64/chromedriver
2026-09-23 02:23:13,342 - INFO - Removing log file: get-imdb-sha256-20260913020146819.log
2026-09-23 02:23:13,342 - INFO - Chrome Browser Version: 152.0.7977.82
2026-09-23 02:23:13,343 - INFO - ChromeDriver Version: 152.0.7977.82 (d04cdb24d67b081f6cf80200ffc5233f44b61109-refs/branch-heads/7977@{#2322})
2026-09-23 02:23:13,343 - INFO - Current URL: https://www.imdb.com/search/title/
2026-09-23 02:23:13,343 - INFO - Keyword: Shrek
2026-09-23 02:23:39,293 - ERROR - An error occurred: Message: 
Stacktrace:
#0 0x5605a9ac203a <unknown>
#1 0x5605a942a4c9 <unknown>
#2 0x5605a9480242 <unknown>
#3 0x5605a94804a1 <unknown>
#4 0x5605a94cb394 <unknown>
#5 0x5605a94c85ad <unknown>
#6 0x5605a947383b <unknown>
#7 0x5605a9474621 <unknown>
#8 0x5605a9a865f0 <unknown>
#9 0x5605a9a84c6a <unknown>
#10 0x5605a9a6f9f5 <unknown>
#11 0x5605a9a8592a <unknown>
#12 0x5605a9a58d10 <unknown>
#13 0x5605a9aad158 <unknown>
#14 0x5605a9aad2f5 <unknown>
#15 0x5605a9ac0bc3 <unknown>
#16 0x7f8ed029cb84 <unknown>
#17 0x7f8ed0329d6c <unknown>

2026-09-23 02:23:39,384 - INFO - Failed to retrieve SHA-256 hash.
2026-09-23 02:23:39,384 - INFO - ====================END====================
