2026-09-16 02:19:04,419 - INFO - ===================START===================
2026-09-16 02:19:04,419 - INFO - ====== WebDriver manager ======
2026-09-16 02:19:07,128 - INFO - Get LATEST chromedriver version for google-chrome
2026-09-16 02:19:07,173 - INFO - There is no [linux64] chromedriver "152.0.7977.82" for browser google-chrome "152.0.7977" in cache
2026-09-16 02:19:07,206 - INFO - There is no [linux64] chromedriver "152.0.7977.82" for browser google-chrome "152.0.7977" in cache
2026-09-16 02:19:07,206 - INFO - Get LATEST chromedriver version for google-chrome
2026-09-16 02:19:07,317 - INFO - WebDriver version 152.0.7977.82 selected
2026-09-16 02:19:07,322 - INFO - Modern chrome version https://storage.googleapis.com/chrome-for-testing-public/152.0.7977.82/linux64/chromedriver-linux64.zip
2026-09-16 02:19:07,322 - INFO - About to download new driver from https://storage.googleapis.com/chrome-for-testing-public/152.0.7977.82/linux64/chromedriver-linux64.zip
2026-09-16 02:19:07,440 - INFO - Driver downloading response is 200
2026-09-16 02:19:07,752 - INFO - Driver has been saved in cache [/home/runner/.wdm/drivers/chromedriver/linux64/152.0.7977.82]
2026-09-16 02:19:07,753 - INFO - chrome_driver_path: /home/runner/.wdm/drivers/chromedriver/linux64/152.0.7977.82/chromedriver-linux64/chromedriver
2026-09-16 02:19:15,622 - INFO - Removing log file: get-imdb-sha256-20260906015317117.log
2026-09-16 02:19:15,623 - INFO - Chrome Browser Version: 152.0.7977.82
2026-09-16 02:19:15,623 - INFO - ChromeDriver Version: 152.0.7977.82 (d04cdb24d67b081f6cf80200ffc5233f44b61109-refs/branch-heads/7977@{#2322})
2026-09-16 02:19:15,623 - INFO - Current URL: https://www.imdb.com/search/title/
2026-09-16 02:19:15,623 - INFO - Keyword: Shrek
2026-09-16 02:19:41,686 - ERROR - An error occurred: Message: 
Stacktrace:
#0 0x5629349c503a <unknown>
#1 0x56293432d4c9 <unknown>
#2 0x562934383242 <unknown>
#3 0x5629343834a1 <unknown>
#4 0x5629343ce394 <unknown>
#5 0x5629343cb5ad <unknown>
#6 0x56293437683b <unknown>
#7 0x562934377621 <unknown>
#8 0x5629349895f0 <unknown>
#9 0x562934987c6a <unknown>
#10 0x5629349729f5 <unknown>
#11 0x56293498892a <unknown>
#12 0x56293495bd10 <unknown>
#13 0x5629349b0158 <unknown>
#14 0x5629349b02f5 <unknown>
#15 0x5629349c3bc3 <unknown>
#16 0x7f664009cb84 <unknown>
#17 0x7f6640129d6c <unknown>

2026-09-16 02:19:41,778 - INFO - Failed to retrieve SHA-256 hash.
2026-09-16 02:19:41,778 - INFO - ====================END====================
