2026-09-15 02:25:29,372 - INFO - ===================START===================
2026-09-15 02:25:29,372 - INFO - ====== WebDriver manager ======
2026-09-15 02:25:32,487 - INFO - Get LATEST chromedriver version for google-chrome
2026-09-15 02:25:32,547 - INFO - There is no [linux64] chromedriver "152.0.7977.82" for browser google-chrome "152.0.7977" in cache
2026-09-15 02:25:32,576 - INFO - There is no [linux64] chromedriver "152.0.7977.82" for browser google-chrome "152.0.7977" in cache
2026-09-15 02:25:32,576 - INFO - Get LATEST chromedriver version for google-chrome
2026-09-15 02:25:32,715 - INFO - WebDriver version 152.0.7977.82 selected
2026-09-15 02:25:32,719 - INFO - Modern chrome version https://storage.googleapis.com/chrome-for-testing-public/152.0.7977.82/linux64/chromedriver-linux64.zip
2026-09-15 02:25:32,719 - INFO - About to download new driver from https://storage.googleapis.com/chrome-for-testing-public/152.0.7977.82/linux64/chromedriver-linux64.zip
2026-09-15 02:25:32,821 - INFO - Driver downloading response is 200
2026-09-15 02:25:33,055 - INFO - Driver has been saved in cache [/home/runner/.wdm/drivers/chromedriver/linux64/152.0.7977.82]
2026-09-15 02:25:33,056 - INFO - chrome_driver_path: /home/runner/.wdm/drivers/chromedriver/linux64/152.0.7977.82/chromedriver-linux64/chromedriver
2026-09-15 02:25:42,827 - INFO - Removing log file: get-imdb-sha256-20260905015814252.log
2026-09-15 02:25:42,827 - INFO - Chrome Browser Version: 152.0.7977.82
2026-09-15 02:25:42,827 - INFO - ChromeDriver Version: 152.0.7977.82 (d04cdb24d67b081f6cf80200ffc5233f44b61109-refs/branch-heads/7977@{#2322})
2026-09-15 02:25:42,827 - INFO - Current URL: https://www.imdb.com/search/title/
2026-09-15 02:25:42,827 - INFO - Keyword: Shrek
2026-09-15 02:26:08,850 - ERROR - An error occurred: Message: 
Stacktrace:
#0 0x55f343a8903a <unknown>
#1 0x55f3433f14c9 <unknown>
#2 0x55f343447242 <unknown>
#3 0x55f3434474a1 <unknown>
#4 0x55f343492394 <unknown>
#5 0x55f34348f5ad <unknown>
#6 0x55f34343a83b <unknown>
#7 0x55f34343b621 <unknown>
#8 0x55f343a4d5f0 <unknown>
#9 0x55f343a4bc6a <unknown>
#10 0x55f343a369f5 <unknown>
#11 0x55f343a4c92a <unknown>
#12 0x55f343a1fd10 <unknown>
#13 0x55f343a74158 <unknown>
#14 0x55f343a742f5 <unknown>
#15 0x55f343a87bc3 <unknown>
#16 0x7f04f969cb84 <unknown>
#17 0x7f04f9729d6c <unknown>

2026-09-15 02:26:08,930 - INFO - Failed to retrieve SHA-256 hash.
2026-09-15 02:26:08,930 - INFO - ====================END====================
