2026-09-14 02:19:50,197 - INFO - ===================START===================
2026-09-14 02:19:50,197 - INFO - ====== WebDriver manager ======
2026-09-14 02:19:50,367 - INFO - Get LATEST chromedriver version for google-chrome
2026-09-14 02:19:50,442 - INFO - There is no [linux64] chromedriver "152.0.7977.82" for browser google-chrome "152.0.7977" in cache
2026-09-14 02:19:50,469 - INFO - There is no [linux64] chromedriver "152.0.7977.82" for browser google-chrome "152.0.7977" in cache
2026-09-14 02:19:50,469 - INFO - Get LATEST chromedriver version for google-chrome
2026-09-14 02:19:50,624 - INFO - WebDriver version 152.0.7977.82 selected
2026-09-14 02:19:50,629 - INFO - Modern chrome version https://storage.googleapis.com/chrome-for-testing-public/152.0.7977.82/linux64/chromedriver-linux64.zip
2026-09-14 02:19:50,629 - INFO - About to download new driver from https://storage.googleapis.com/chrome-for-testing-public/152.0.7977.82/linux64/chromedriver-linux64.zip
2026-09-14 02:19:50,746 - INFO - Driver downloading response is 200
2026-09-14 02:19:51,087 - INFO - Driver has been saved in cache [/home/runner/.wdm/drivers/chromedriver/linux64/152.0.7977.82]
2026-09-14 02:19:51,088 - INFO - chrome_driver_path: /home/runner/.wdm/drivers/chromedriver/linux64/152.0.7977.82/chromedriver-linux64/chromedriver
2026-09-14 02:19:51,699 - INFO - Removing log file: get-imdb-sha256-20260904015808158.log
2026-09-14 02:19:51,699 - INFO - Chrome Browser Version: 152.0.7977.82
2026-09-14 02:19:51,699 - INFO - ChromeDriver Version: 152.0.7977.82 (d04cdb24d67b081f6cf80200ffc5233f44b61109-refs/branch-heads/7977@{#2322})
2026-09-14 02:19:51,699 - INFO - Current URL: https://www.imdb.com/search/title/
2026-09-14 02:19:51,699 - INFO - Keyword: Shrek
2026-09-14 02:20:17,418 - ERROR - An error occurred: Message: 
Stacktrace:
#0 0x55bbc198603a <unknown>
#1 0x55bbc12ee4c9 <unknown>
#2 0x55bbc1344242 <unknown>
#3 0x55bbc13444a1 <unknown>
#4 0x55bbc138f394 <unknown>
#5 0x55bbc138c5ad <unknown>
#6 0x55bbc133783b <unknown>
#7 0x55bbc1338621 <unknown>
#8 0x55bbc194a5f0 <unknown>
#9 0x55bbc1948c6a <unknown>
#10 0x55bbc19339f5 <unknown>
#11 0x55bbc194992a <unknown>
#12 0x55bbc191cd10 <unknown>
#13 0x55bbc1971158 <unknown>
#14 0x55bbc19712f5 <unknown>
#15 0x55bbc1984bc3 <unknown>
#16 0x7f6835a9cb84 <unknown>
#17 0x7f6835b29d6c <unknown>

2026-09-14 02:20:17,512 - INFO - Failed to retrieve SHA-256 hash.
2026-09-14 02:20:17,512 - INFO - ====================END====================
