2026-08-09 00:54:44,044 - INFO - ===================START===================
2026-08-09 00:54:44,044 - INFO - ====== WebDriver manager ======
2026-08-09 00:54:46,140 - INFO - Get LATEST chromedriver version for google-chrome
2026-08-09 00:54:46,187 - INFO - There is no [linux64] chromedriver "150.0.7871.124" for browser google-chrome "150.0.7871" in cache
2026-08-09 00:54:46,219 - INFO - There is no [linux64] chromedriver "150.0.7871.124" for browser google-chrome "150.0.7871" in cache
2026-08-09 00:54:46,220 - INFO - Get LATEST chromedriver version for google-chrome
2026-08-09 00:54:46,337 - INFO - WebDriver version 150.0.7871.124 selected
2026-08-09 00:54:46,344 - INFO - Modern chrome version https://storage.googleapis.com/chrome-for-testing-public/150.0.7871.124/linux64/chromedriver-linux64.zip
2026-08-09 00:54:46,344 - INFO - About to download new driver from https://storage.googleapis.com/chrome-for-testing-public/150.0.7871.124/linux64/chromedriver-linux64.zip
2026-08-09 00:54:46,398 - INFO - Driver downloading response is 200
2026-08-09 00:54:46,604 - INFO - Driver has been saved in cache [/home/runner/.wdm/drivers/chromedriver/linux64/150.0.7871.124]
2026-08-09 00:54:46,606 - INFO - chrome_driver_path: /home/runner/.wdm/drivers/chromedriver/linux64/150.0.7871.124/chromedriver-linux64/chromedriver
2026-08-09 00:54:52,430 - INFO - Removing log file: get-imdb-sha256-20260730012354457.log
2026-08-09 00:54:52,430 - INFO - Chrome Browser Version: 150.0.7871.128
2026-08-09 00:54:52,430 - INFO - ChromeDriver Version: 150.0.7871.124 (9261fd0a595ac4964ea84e6bd4a025c1173a2ffa-refs/branch-heads/7871@{#3359})
2026-08-09 00:54:52,430 - INFO - Current URL: https://www.imdb.com/search/title/
2026-08-09 00:54:52,430 - INFO - Keyword: Shrek
2026-08-09 00:55:19,157 - ERROR - An error occurred: Message: 
Stacktrace:
#0 0x564e4bd1e44a <unknown>
#1 0x564e4b6f68c9 <unknown>
#2 0x564e4b74bf32 <unknown>
#3 0x564e4b74c181 <unknown>
#4 0x564e4b797374 <unknown>
#5 0x564e4b79455d <unknown>
#6 0x564e4b73f3ff <unknown>
#7 0x564e4b740261 <unknown>
#8 0x564e4bce3cc7 <unknown>
#9 0x564e4bce24a8 <unknown>
#10 0x564e4bccd196 <unknown>
#11 0x564e4bce306a <unknown>
#12 0x564e4bcb5020 <unknown>
#13 0x564e4bd09b98 <unknown>
#14 0x564e4bd09d35 <unknown>
#15 0x564e4bd1cffe <unknown>
#16 0x7f2b2289caa4 <unknown>
#17 0x7f2b22929c6c <unknown>

2026-08-09 00:55:19,247 - INFO - Failed to retrieve SHA-256 hash.
2026-08-09 00:55:19,247 - INFO - ====================END====================
