2026-09-07 01:50:28,681 - INFO - ===================START===================
2026-09-07 01:50:28,681 - INFO - ====== WebDriver manager ======
2026-09-07 01:50:31,012 - INFO - Get LATEST chromedriver version for google-chrome
2026-09-07 01:50:31,072 - INFO - There is no [linux64] chromedriver "152.0.7977.82" for browser google-chrome "152.0.7977" in cache
2026-09-07 01:50:31,106 - INFO - There is no [linux64] chromedriver "152.0.7977.82" for browser google-chrome "152.0.7977" in cache
2026-09-07 01:50:31,106 - INFO - Get LATEST chromedriver version for google-chrome
2026-09-07 01:50:31,303 - INFO - WebDriver version 152.0.7977.82 selected
2026-09-07 01:50:31,308 - INFO - Modern chrome version https://storage.googleapis.com/chrome-for-testing-public/152.0.7977.82/linux64/chromedriver-linux64.zip
2026-09-07 01:50:31,308 - INFO - About to download new driver from https://storage.googleapis.com/chrome-for-testing-public/152.0.7977.82/linux64/chromedriver-linux64.zip
2026-09-07 01:50:31,442 - INFO - Driver downloading response is 200
2026-09-07 01:50:31,990 - INFO - Driver has been saved in cache [/home/runner/.wdm/drivers/chromedriver/linux64/152.0.7977.82]
2026-09-07 01:50:31,992 - INFO - chrome_driver_path: /home/runner/.wdm/drivers/chromedriver/linux64/152.0.7977.82/chromedriver-linux64/chromedriver
2026-09-07 01:50:39,515 - INFO - Removing log file: get-imdb-sha256-20260828075213407.log
2026-09-07 01:50:39,516 - INFO - Chrome Browser Version: 152.0.7977.64
2026-09-07 01:50:39,516 - INFO - ChromeDriver Version: 152.0.7977.82 (d04cdb24d67b081f6cf80200ffc5233f44b61109-refs/branch-heads/7977@{#2322})
2026-09-07 01:50:39,516 - INFO - Current URL: https://www.imdb.com/search/title/
2026-09-07 01:50:39,516 - INFO - Keyword: Shrek
2026-09-07 01:51:05,553 - ERROR - An error occurred: Message: 
Stacktrace:
#0 0x55b83bc4103a <unknown>
#1 0x55b83b5a94c9 <unknown>
#2 0x55b83b5ff242 <unknown>
#3 0x55b83b5ff4a1 <unknown>
#4 0x55b83b64a394 <unknown>
#5 0x55b83b6475ad <unknown>
#6 0x55b83b5f283b <unknown>
#7 0x55b83b5f3621 <unknown>
#8 0x55b83bc055f0 <unknown>
#9 0x55b83bc03c6a <unknown>
#10 0x55b83bbee9f5 <unknown>
#11 0x55b83bc0492a <unknown>
#12 0x55b83bbd7d10 <unknown>
#13 0x55b83bc2c158 <unknown>
#14 0x55b83bc2c2f5 <unknown>
#15 0x55b83bc3fbc3 <unknown>
#16 0x7f093dc9cb84 <unknown>
#17 0x7f093dd29d6c <unknown>

2026-09-07 01:51:05,643 - INFO - Failed to retrieve SHA-256 hash.
2026-09-07 01:51:05,644 - INFO - ====================END====================
