2026-08-30 02:22:42,770 - INFO - ===================START===================
2026-08-30 02:22:42,770 - INFO - ====== WebDriver manager ======
2026-08-30 02:22:42,933 - INFO - Get LATEST chromedriver version for google-chrome
2026-08-30 02:22:43,005 - INFO - There is no [linux64] chromedriver "151.0.7922.138" for browser google-chrome "151.0.7922" in cache
2026-08-30 02:22:43,040 - INFO - There is no [linux64] chromedriver "151.0.7922.138" for browser google-chrome "151.0.7922" in cache
2026-08-30 02:22:43,040 - INFO - Get LATEST chromedriver version for google-chrome
2026-08-30 02:22:43,187 - INFO - WebDriver version 151.0.7922.138 selected
2026-08-30 02:22:43,195 - INFO - Modern chrome version https://storage.googleapis.com/chrome-for-testing-public/151.0.7922.138/linux64/chromedriver-linux64.zip
2026-08-30 02:22:43,195 - INFO - About to download new driver from https://storage.googleapis.com/chrome-for-testing-public/151.0.7922.138/linux64/chromedriver-linux64.zip
2026-08-30 02:22:43,265 - INFO - Driver downloading response is 200
2026-08-30 02:22:43,491 - INFO - Driver has been saved in cache [/home/runner/.wdm/drivers/chromedriver/linux64/151.0.7922.138]
2026-08-30 02:22:43,493 - INFO - chrome_driver_path: /home/runner/.wdm/drivers/chromedriver/linux64/151.0.7922.138/chromedriver-linux64/chromedriver
2026-08-30 02:22:44,245 - INFO - Removing log file: get-imdb-sha256-20260820003728273.log
2026-08-30 02:22:44,245 - INFO - Chrome Browser Version: 151.0.7922.173
2026-08-30 02:22:44,245 - INFO - ChromeDriver Version: 151.0.7922.138 (41fa82442390a4d4456c78f2d69a832d5720cb27-refs/branch-heads/7922@{#2891})
2026-08-30 02:22:44,245 - INFO - Current URL: https://www.imdb.com/search/title/
2026-08-30 02:22:44,245 - INFO - Keyword: Shrek
2026-08-30 02:23:09,948 - ERROR - An error occurred: Message: 
Stacktrace:
#0 0x56258d8a136a <unknown>
#1 0x56258d214f49 <unknown>
#2 0x56258d26a7e2 <unknown>
#3 0x56258d26aa31 <unknown>
#4 0x56258d2b5ed4 <unknown>
#5 0x56258d2b30c3 <unknown>
#6 0x56258d25dc92 <unknown>
#7 0x56258d25eb11 <unknown>
#8 0x56258d8668d0 <unknown>
#9 0x56258d864f3a <unknown>
#10 0x56258d84f9b5 <unknown>
#11 0x56258d865c0a <unknown>
#12 0x56258d837740 <unknown>
#13 0x56258d88c9a8 <unknown>
#14 0x56258d88cb45 <unknown>
#15 0x56258d89ff1e <unknown>
#16 0x7f3a7b49cb84 <unknown>
#17 0x7f3a7b529d6c <unknown>

2026-08-30 02:23:10,037 - INFO - Failed to retrieve SHA-256 hash.
2026-08-30 02:23:10,037 - INFO - ====================END====================
