2026-09-18 02:08:47,052 - INFO - ===================START===================
2026-09-18 02:08:47,053 - INFO - ====== WebDriver manager ======
2026-09-18 02:08:47,238 - INFO - Get LATEST chromedriver version for google-chrome
2026-09-18 02:08:47,308 - INFO - There is no [linux64] chromedriver "152.0.7977.82" for browser google-chrome "152.0.7977" in cache
2026-09-18 02:08:47,339 - INFO - There is no [linux64] chromedriver "152.0.7977.82" for browser google-chrome "152.0.7977" in cache
2026-09-18 02:08:47,339 - INFO - Get LATEST chromedriver version for google-chrome
2026-09-18 02:08:47,486 - INFO - WebDriver version 152.0.7977.82 selected
2026-09-18 02:08:47,491 - INFO - Modern chrome version https://storage.googleapis.com/chrome-for-testing-public/152.0.7977.82/linux64/chromedriver-linux64.zip
2026-09-18 02:08:47,491 - INFO - About to download new driver from https://storage.googleapis.com/chrome-for-testing-public/152.0.7977.82/linux64/chromedriver-linux64.zip
2026-09-18 02:08:47,584 - INFO - Driver downloading response is 200
2026-09-18 02:08:47,790 - INFO - Driver has been saved in cache [/home/runner/.wdm/drivers/chromedriver/linux64/152.0.7977.82]
2026-09-18 02:08:47,791 - INFO - chrome_driver_path: /home/runner/.wdm/drivers/chromedriver/linux64/152.0.7977.82/chromedriver-linux64/chromedriver
2026-09-18 02:08:48,741 - INFO - Removing log file: get-imdb-sha256-20260908020140655.log
2026-09-18 02:08:48,741 - INFO - Chrome Browser Version: 152.0.7977.82
2026-09-18 02:08:48,741 - INFO - ChromeDriver Version: 152.0.7977.82 (d04cdb24d67b081f6cf80200ffc5233f44b61109-refs/branch-heads/7977@{#2322})
2026-09-18 02:08:48,741 - INFO - Current URL: https://www.imdb.com/search/title/
2026-09-18 02:08:48,741 - INFO - Keyword: Shrek
2026-09-18 02:09:14,651 - ERROR - An error occurred: Message: 
Stacktrace:
#0 0x55567cf4a03a <unknown>
#1 0x55567c8b24c9 <unknown>
#2 0x55567c908242 <unknown>
#3 0x55567c9084a1 <unknown>
#4 0x55567c953394 <unknown>
#5 0x55567c9505ad <unknown>
#6 0x55567c8fb83b <unknown>
#7 0x55567c8fc621 <unknown>
#8 0x55567cf0e5f0 <unknown>
#9 0x55567cf0cc6a <unknown>
#10 0x55567cef79f5 <unknown>
#11 0x55567cf0d92a <unknown>
#12 0x55567cee0d10 <unknown>
#13 0x55567cf35158 <unknown>
#14 0x55567cf352f5 <unknown>
#15 0x55567cf48bc3 <unknown>
#16 0x7f7eb809cb84 <unknown>
#17 0x7f7eb8129d6c <unknown>

2026-09-18 02:09:14,739 - INFO - Failed to retrieve SHA-256 hash.
2026-09-18 02:09:14,739 - INFO - ====================END====================
