2026-08-28 07:52:13,407 - INFO - ===================START===================
2026-08-28 07:52:13,407 - INFO - ====== WebDriver manager ======
2026-08-28 07:52:14,049 - INFO - Get LATEST chromedriver version for google-chrome
2026-08-28 07:52:14,129 - INFO - There is no [linux64] chromedriver "151.0.7922.138" for browser google-chrome "151.0.7922" in cache
2026-08-28 07:52:14,152 - INFO - There is no [linux64] chromedriver "151.0.7922.138" for browser google-chrome "151.0.7922" in cache
2026-08-28 07:52:14,152 - INFO - Get LATEST chromedriver version for google-chrome
2026-08-28 07:52:14,323 - INFO - WebDriver version 151.0.7922.138 selected
2026-08-28 07:52:14,327 - INFO - Modern chrome version https://storage.googleapis.com/chrome-for-testing-public/151.0.7922.138/linux64/chromedriver-linux64.zip
2026-08-28 07:52:14,328 - INFO - About to download new driver from https://storage.googleapis.com/chrome-for-testing-public/151.0.7922.138/linux64/chromedriver-linux64.zip
2026-08-28 07:52:14,433 - INFO - Driver downloading response is 200
2026-08-28 07:52:14,773 - INFO - Driver has been saved in cache [/home/runner/.wdm/drivers/chromedriver/linux64/151.0.7922.138]
2026-08-28 07:52:14,774 - INFO - chrome_driver_path: /home/runner/.wdm/drivers/chromedriver/linux64/151.0.7922.138/chromedriver-linux64/chromedriver
2026-08-28 07:52:17,164 - INFO - Removing log file: get-imdb-sha256-20260818003723004.log
2026-08-28 07:52:17,164 - INFO - Chrome Browser Version: 151.0.7922.173
2026-08-28 07:52:17,164 - INFO - ChromeDriver Version: 151.0.7922.138 (41fa82442390a4d4456c78f2d69a832d5720cb27-refs/branch-heads/7922@{#2891})
2026-08-28 07:52:17,165 - INFO - Current URL: https://www.imdb.com/search/title/
2026-08-28 07:52:17,165 - INFO - Keyword: Shrek
2026-08-28 07:52:43,688 - ERROR - An error occurred: Message: 
Stacktrace:
#0 0x55d873c9636a <unknown>
#1 0x55d873609f49 <unknown>
#2 0x55d87365f7e2 <unknown>
#3 0x55d87365fa31 <unknown>
#4 0x55d8736aaed4 <unknown>
#5 0x55d8736a80c3 <unknown>
#6 0x55d873652c92 <unknown>
#7 0x55d873653b11 <unknown>
#8 0x55d873c5b8d0 <unknown>
#9 0x55d873c59f3a <unknown>
#10 0x55d873c449b5 <unknown>
#11 0x55d873c5ac0a <unknown>
#12 0x55d873c2c740 <unknown>
#13 0x55d873c819a8 <unknown>
#14 0x55d873c81b45 <unknown>
#15 0x55d873c94f1e <unknown>
#16 0x7f803c89cb84 <unknown>
#17 0x7f803c929d6c <unknown>

2026-08-28 07:52:43,768 - INFO - Failed to retrieve SHA-256 hash.
2026-08-28 07:52:43,768 - INFO - ====================END====================
