2026-08-06 01:28:55,846 - INFO - ===================START===================
2026-08-06 01:28:55,846 - INFO - ====== WebDriver manager ======
2026-08-06 01:28:58,698 - INFO - Get LATEST chromedriver version for google-chrome
2026-08-06 01:28:58,744 - INFO - There is no [linux64] chromedriver "150.0.7871.124" for browser google-chrome "150.0.7871" in cache
2026-08-06 01:28:58,775 - INFO - There is no [linux64] chromedriver "150.0.7871.124" for browser google-chrome "150.0.7871" in cache
2026-08-06 01:28:58,775 - INFO - Get LATEST chromedriver version for google-chrome
2026-08-06 01:28:58,884 - INFO - WebDriver version 150.0.7871.124 selected
2026-08-06 01:28:58,889 - INFO - Modern chrome version https://storage.googleapis.com/chrome-for-testing-public/150.0.7871.124/linux64/chromedriver-linux64.zip
2026-08-06 01:28:58,889 - INFO - About to download new driver from https://storage.googleapis.com/chrome-for-testing-public/150.0.7871.124/linux64/chromedriver-linux64.zip
2026-08-06 01:28:58,985 - INFO - Driver downloading response is 200
2026-08-06 01:28:59,222 - INFO - Driver has been saved in cache [/home/runner/.wdm/drivers/chromedriver/linux64/150.0.7871.124]
2026-08-06 01:28:59,223 - INFO - chrome_driver_path: /home/runner/.wdm/drivers/chromedriver/linux64/150.0.7871.124/chromedriver-linux64/chromedriver
2026-08-06 01:29:07,153 - INFO - Removing log file: get-imdb-sha256-20260727015610781.log
2026-08-06 01:29:07,154 - INFO - Chrome Browser Version: 150.0.7871.128
2026-08-06 01:29:07,154 - INFO - ChromeDriver Version: 150.0.7871.124 (9261fd0a595ac4964ea84e6bd4a025c1173a2ffa-refs/branch-heads/7871@{#3359})
2026-08-06 01:29:07,154 - INFO - Current URL: https://www.imdb.com/search/title/
2026-08-06 01:29:07,154 - INFO - Keyword: Shrek
2026-08-06 01:29:33,406 - ERROR - An error occurred: Message: 
Stacktrace:
#0 0x55bbb108e44a <unknown>
#1 0x55bbb0a668c9 <unknown>
#2 0x55bbb0abbf32 <unknown>
#3 0x55bbb0abc181 <unknown>
#4 0x55bbb0b07374 <unknown>
#5 0x55bbb0b0455d <unknown>
#6 0x55bbb0aaf3ff <unknown>
#7 0x55bbb0ab0261 <unknown>
#8 0x55bbb1053cc7 <unknown>
#9 0x55bbb10524a8 <unknown>
#10 0x55bbb103d196 <unknown>
#11 0x55bbb105306a <unknown>
#12 0x55bbb1025020 <unknown>
#13 0x55bbb1079b98 <unknown>
#14 0x55bbb1079d35 <unknown>
#15 0x55bbb108cffe <unknown>
#16 0x7ff2a389caa4 <unknown>
#17 0x7ff2a3929c6c <unknown>

2026-08-06 01:29:33,508 - INFO - Failed to retrieve SHA-256 hash.
2026-08-06 01:29:33,509 - INFO - ====================END====================
