2026-09-04 01:58:08,158 - INFO - ===================START===================
2026-09-04 01:58:08,158 - INFO - ====== WebDriver manager ======
2026-09-04 01:58:08,376 - INFO - Get LATEST chromedriver version for google-chrome
2026-09-04 01:58:08,423 - INFO - There is no [linux64] chromedriver "151.0.7922.138" for browser google-chrome "151.0.7922" in cache
2026-09-04 01:58:08,456 - INFO - There is no [linux64] chromedriver "151.0.7922.138" for browser google-chrome "151.0.7922" in cache
2026-09-04 01:58:08,456 - INFO - Get LATEST chromedriver version for google-chrome
2026-09-04 01:58:08,565 - INFO - WebDriver version 151.0.7922.138 selected
2026-09-04 01:58:08,571 - INFO - Modern chrome version https://storage.googleapis.com/chrome-for-testing-public/151.0.7922.138/linux64/chromedriver-linux64.zip
2026-09-04 01:58:08,571 - INFO - About to download new driver from https://storage.googleapis.com/chrome-for-testing-public/151.0.7922.138/linux64/chromedriver-linux64.zip
2026-09-04 01:58:08,682 - INFO - Driver downloading response is 200
2026-09-04 01:58:08,986 - INFO - Driver has been saved in cache [/home/runner/.wdm/drivers/chromedriver/linux64/151.0.7922.138]
2026-09-04 01:58:08,987 - INFO - chrome_driver_path: /home/runner/.wdm/drivers/chromedriver/linux64/151.0.7922.138/chromedriver-linux64/chromedriver
2026-09-04 01:58:09,964 - INFO - Removing log file: get-imdb-sha256-20260825003841518.log
2026-09-04 01:58:09,964 - INFO - Chrome Browser Version: 151.0.7922.173
2026-09-04 01:58:09,964 - INFO - ChromeDriver Version: 151.0.7922.138 (41fa82442390a4d4456c78f2d69a832d5720cb27-refs/branch-heads/7922@{#2891})
2026-09-04 01:58:09,964 - INFO - Current URL: https://www.imdb.com/search/title/
2026-09-04 01:58:09,964 - INFO - Keyword: Shrek
2026-09-04 01:58:35,750 - ERROR - An error occurred: Message: 
Stacktrace:
#0 0x5575b736536a <unknown>
#1 0x5575b6cd8f49 <unknown>
#2 0x5575b6d2e7e2 <unknown>
#3 0x5575b6d2ea31 <unknown>
#4 0x5575b6d79ed4 <unknown>
#5 0x5575b6d770c3 <unknown>
#6 0x5575b6d21c92 <unknown>
#7 0x5575b6d22b11 <unknown>
#8 0x5575b732a8d0 <unknown>
#9 0x5575b7328f3a <unknown>
#10 0x5575b73139b5 <unknown>
#11 0x5575b7329c0a <unknown>
#12 0x5575b72fb740 <unknown>
#13 0x5575b73509a8 <unknown>
#14 0x5575b7350b45 <unknown>
#15 0x5575b7363f1e <unknown>
#16 0x7efdb209cb84 <unknown>
#17 0x7efdb2129d6c <unknown>

2026-09-04 01:58:35,847 - INFO - Failed to retrieve SHA-256 hash.
2026-09-04 01:58:35,847 - INFO - ====================END====================
