2026-10-08 03:32:17,876 - INFO - ===================START===================
2026-10-08 03:32:17,877 - INFO - ====== WebDriver manager ======
2026-10-08 03:32:18,126 - INFO - Get LATEST chromedriver version for google-chrome
2026-10-08 03:32:18,194 - INFO - There is no [linux64] chromedriver "154.0.8037.92" for browser google-chrome "154.0.8037" in cache
2026-10-08 03:32:18,225 - INFO - There is no [linux64] chromedriver "154.0.8037.92" for browser google-chrome "154.0.8037" in cache
2026-10-08 03:32:18,225 - INFO - Get LATEST chromedriver version for google-chrome
2026-10-08 03:32:18,423 - INFO - WebDriver version 154.0.8037.92 selected
2026-10-08 03:32:18,428 - INFO - Modern chrome version https://storage.googleapis.com/chrome-for-testing-public/154.0.8037.92/linux64/chromedriver-linux64.zip
2026-10-08 03:32:18,428 - INFO - About to download new driver from https://storage.googleapis.com/chrome-for-testing-public/154.0.8037.92/linux64/chromedriver-linux64.zip
2026-10-08 03:32:18,555 - INFO - Driver downloading response is 200
2026-10-08 03:32:18,976 - INFO - Driver has been saved in cache [/home/runner/.wdm/drivers/chromedriver/linux64/154.0.8037.92]
2026-10-08 03:32:18,977 - INFO - chrome_driver_path: /home/runner/.wdm/drivers/chromedriver/linux64/154.0.8037.92/chromedriver-linux64/chromedriver
2026-10-08 03:32:19,906 - INFO - Removing log file: get-imdb-sha256-20260928023221673.log
2026-10-08 03:32:19,907 - INFO - Chrome Browser Version: 154.0.8037.97
2026-10-08 03:32:19,907 - INFO - ChromeDriver Version: 154.0.8037.92 (334b65d254ccc35df4fca82706d1753227b01039-refs/branch-heads/8037@{#1589})
2026-10-08 03:32:19,907 - INFO - Current URL: https://www.imdb.com/search/title/
2026-10-08 03:32:19,907 - INFO - Keyword: Shrek
2026-10-08 03:32:45,704 - ERROR - An error occurred: Message: 
Stacktrace:
#0 0x559772fceaaa <unknown>
#1 0x5597728fcaa9 <unknown>
#2 0x5597729533ff <unknown>
#3 0x559772953671 <unknown>
#4 0x55977299ff74 <unknown>
#5 0x55977299d1df <unknown>
#6 0x559772946148 <unknown>
#7 0x559772946f11 <unknown>
#8 0x559772f915ac <unknown>
#9 0x559772f8fdc5 <unknown>
#10 0x559772f7ae95 <unknown>
#11 0x559772f90a1a <unknown>
#12 0x559772f635c9 <unknown>
#13 0x559772fb90f8 <unknown>
#14 0x559772fb9295 <unknown>
#15 0x559772fcd3f3 <unknown>
#16 0x7fade649cb84 <unknown>
#17 0x7fade6529ecc <unknown>

2026-10-08 03:32:45,808 - INFO - Failed to retrieve SHA-256 hash.
2026-10-08 03:32:45,808 - INFO - ====================END====================
