2026-09-22 02:22:58,567 - INFO - ===================START===================
2026-09-22 02:22:58,567 - INFO - ====== WebDriver manager ======
2026-09-22 02:23:00,561 - INFO - Get LATEST chromedriver version for google-chrome
2026-09-22 02:23:00,622 - INFO - There is no [linux64] chromedriver "152.0.7977.82" for browser google-chrome "152.0.7977" in cache
2026-09-22 02:23:00,654 - INFO - There is no [linux64] chromedriver "152.0.7977.82" for browser google-chrome "152.0.7977" in cache
2026-09-22 02:23:00,654 - INFO - Get LATEST chromedriver version for google-chrome
2026-09-22 02:23:00,785 - INFO - WebDriver version 152.0.7977.82 selected
2026-09-22 02:23:00,790 - INFO - Modern chrome version https://storage.googleapis.com/chrome-for-testing-public/152.0.7977.82/linux64/chromedriver-linux64.zip
2026-09-22 02:23:00,791 - INFO - About to download new driver from https://storage.googleapis.com/chrome-for-testing-public/152.0.7977.82/linux64/chromedriver-linux64.zip
2026-09-22 02:23:00,856 - INFO - Driver downloading response is 200
2026-09-22 02:23:01,060 - INFO - Driver has been saved in cache [/home/runner/.wdm/drivers/chromedriver/linux64/152.0.7977.82]
2026-09-22 02:23:01,061 - INFO - chrome_driver_path: /home/runner/.wdm/drivers/chromedriver/linux64/152.0.7977.82/chromedriver-linux64/chromedriver
2026-09-22 02:23:08,222 - INFO - Removing log file: get-imdb-sha256-20260912020616868.log
2026-09-22 02:23:08,222 - INFO - Chrome Browser Version: 152.0.7977.82
2026-09-22 02:23:08,222 - INFO - ChromeDriver Version: 152.0.7977.82 (d04cdb24d67b081f6cf80200ffc5233f44b61109-refs/branch-heads/7977@{#2322})
2026-09-22 02:23:08,222 - INFO - Current URL: https://www.imdb.com/search/title/
2026-09-22 02:23:08,223 - INFO - Keyword: Shrek
2026-09-22 02:23:34,070 - ERROR - An error occurred: Message: 
Stacktrace:
#0 0x55ef47ecf03a <unknown>
#1 0x55ef478374c9 <unknown>
#2 0x55ef4788d242 <unknown>
#3 0x55ef4788d4a1 <unknown>
#4 0x55ef478d8394 <unknown>
#5 0x55ef478d55ad <unknown>
#6 0x55ef4788083b <unknown>
#7 0x55ef47881621 <unknown>
#8 0x55ef47e935f0 <unknown>
#9 0x55ef47e91c6a <unknown>
#10 0x55ef47e7c9f5 <unknown>
#11 0x55ef47e9292a <unknown>
#12 0x55ef47e65d10 <unknown>
#13 0x55ef47eba158 <unknown>
#14 0x55ef47eba2f5 <unknown>
#15 0x55ef47ecdbc3 <unknown>
#16 0x7f08bb89cb84 <unknown>
#17 0x7f08bb929d6c <unknown>

2026-09-22 02:23:34,160 - INFO - Failed to retrieve SHA-256 hash.
2026-09-22 02:23:34,160 - INFO - ====================END====================
