2026-08-03 01:50:29,826 - INFO - ===================START===================
2026-08-03 01:50:29,826 - INFO - ====== WebDriver manager ======
2026-08-03 01:50:30,235 - INFO - Get LATEST chromedriver version for google-chrome
2026-08-03 01:50:30,396 - INFO - There is no [linux64] chromedriver "150.0.7871.124" for browser google-chrome "150.0.7871" in cache
2026-08-03 01:50:30,430 - INFO - There is no [linux64] chromedriver "150.0.7871.124" for browser google-chrome "150.0.7871" in cache
2026-08-03 01:50:30,430 - INFO - Get LATEST chromedriver version for google-chrome
2026-08-03 01:50:30,551 - INFO - WebDriver version 150.0.7871.124 selected
2026-08-03 01:50:30,556 - INFO - Modern chrome version https://storage.googleapis.com/chrome-for-testing-public/150.0.7871.124/linux64/chromedriver-linux64.zip
2026-08-03 01:50:30,556 - INFO - About to download new driver from https://storage.googleapis.com/chrome-for-testing-public/150.0.7871.124/linux64/chromedriver-linux64.zip
2026-08-03 01:50:30,614 - INFO - Driver downloading response is 200
2026-08-03 01:50:30,800 - INFO - Driver has been saved in cache [/home/runner/.wdm/drivers/chromedriver/linux64/150.0.7871.124]
2026-08-03 01:50:30,801 - INFO - chrome_driver_path: /home/runner/.wdm/drivers/chromedriver/linux64/150.0.7871.124/chromedriver-linux64/chromedriver
2026-08-03 01:50:36,752 - INFO - Removing log file: get-imdb-sha256-20260724014556838.log
2026-08-03 01:50:36,752 - INFO - Chrome Browser Version: 150.0.7871.128
2026-08-03 01:50:36,752 - INFO - ChromeDriver Version: 150.0.7871.124 (9261fd0a595ac4964ea84e6bd4a025c1173a2ffa-refs/branch-heads/7871@{#3359})
2026-08-03 01:50:36,752 - INFO - Current URL: https://www.imdb.com/search/title/
2026-08-03 01:50:36,752 - INFO - Keyword: Shrek
2026-08-03 01:51:03,013 - ERROR - An error occurred: Message: 
Stacktrace:
#0 0x5616d06c044a <unknown>
#1 0x5616d00988c9 <unknown>
#2 0x5616d00edf32 <unknown>
#3 0x5616d00ee181 <unknown>
#4 0x5616d0139374 <unknown>
#5 0x5616d013655d <unknown>
#6 0x5616d00e13ff <unknown>
#7 0x5616d00e2261 <unknown>
#8 0x5616d0685cc7 <unknown>
#9 0x5616d06844a8 <unknown>
#10 0x5616d066f196 <unknown>
#11 0x5616d068506a <unknown>
#12 0x5616d0657020 <unknown>
#13 0x5616d06abb98 <unknown>
#14 0x5616d06abd35 <unknown>
#15 0x5616d06beffe <unknown>
#16 0x7fc4e2c9caa4 <unknown>
#17 0x7fc4e2d29c6c <unknown>

2026-08-03 01:51:03,112 - INFO - Failed to retrieve SHA-256 hash.
2026-08-03 01:51:03,112 - INFO - ====================END====================
