2026-08-27 05:43:39,899 - INFO - ===================START===================
2026-08-27 05:43:39,899 - INFO - ====== WebDriver manager ======
2026-08-27 05:43:41,906 - INFO - Get LATEST chromedriver version for google-chrome
2026-08-27 05:43:41,973 - INFO - There is no [linux64] chromedriver "151.0.7922.138" for browser google-chrome "151.0.7922" in cache
2026-08-27 05:43:42,005 - INFO - There is no [linux64] chromedriver "151.0.7922.138" for browser google-chrome "151.0.7922" in cache
2026-08-27 05:43:42,006 - INFO - Get LATEST chromedriver version for google-chrome
2026-08-27 05:43:42,126 - INFO - WebDriver version 151.0.7922.138 selected
2026-08-27 05:43:42,132 - INFO - Modern chrome version https://storage.googleapis.com/chrome-for-testing-public/151.0.7922.138/linux64/chromedriver-linux64.zip
2026-08-27 05:43:42,132 - INFO - About to download new driver from https://storage.googleapis.com/chrome-for-testing-public/151.0.7922.138/linux64/chromedriver-linux64.zip
2026-08-27 05:43:42,182 - INFO - Driver downloading response is 200
2026-08-27 05:43:42,400 - INFO - Driver has been saved in cache [/home/runner/.wdm/drivers/chromedriver/linux64/151.0.7922.138]
2026-08-27 05:43:42,401 - INFO - chrome_driver_path: /home/runner/.wdm/drivers/chromedriver/linux64/151.0.7922.138/chromedriver-linux64/chromedriver
2026-08-27 05:43:48,204 - INFO - Removing log file: get-imdb-sha256-20260817003741412.log
2026-08-27 05:43:48,204 - INFO - Chrome Browser Version: 151.0.7922.137
2026-08-27 05:43:48,204 - INFO - ChromeDriver Version: 151.0.7922.138 (41fa82442390a4d4456c78f2d69a832d5720cb27-refs/branch-heads/7922@{#2891})
2026-08-27 05:43:48,204 - INFO - Current URL: https://www.imdb.com/search/title/
2026-08-27 05:43:48,204 - INFO - Keyword: Shrek
2026-08-27 05:44:14,096 - ERROR - An error occurred: Message: 
Stacktrace:
#0 0x55bc323cd36a <unknown>
#1 0x55bc31d40f49 <unknown>
#2 0x55bc31d967e2 <unknown>
#3 0x55bc31d96a31 <unknown>
#4 0x55bc31de1ed4 <unknown>
#5 0x55bc31ddf0c3 <unknown>
#6 0x55bc31d89c92 <unknown>
#7 0x55bc31d8ab11 <unknown>
#8 0x55bc323928d0 <unknown>
#9 0x55bc32390f3a <unknown>
#10 0x55bc3237b9b5 <unknown>
#11 0x55bc32391c0a <unknown>
#12 0x55bc32363740 <unknown>
#13 0x55bc323b89a8 <unknown>
#14 0x55bc323b8b45 <unknown>
#15 0x55bc323cbf1e <unknown>
#16 0x7f73e169cb84 <unknown>
#17 0x7f73e1729d6c <unknown>

2026-08-27 05:44:14,185 - INFO - Failed to retrieve SHA-256 hash.
2026-08-27 05:44:14,185 - INFO - ====================END====================
