2026-10-02 03:06:07,526 - INFO - ===================START===================
2026-10-02 03:06:07,526 - INFO - ====== WebDriver manager ======
2026-10-02 03:06:09,567 - INFO - Get LATEST chromedriver version for google-chrome
2026-10-02 03:06:09,631 - INFO - There is no [linux64] chromedriver "154.0.8037.92" for browser google-chrome "154.0.8037" in cache
2026-10-02 03:06:09,664 - INFO - There is no [linux64] chromedriver "154.0.8037.92" for browser google-chrome "154.0.8037" in cache
2026-10-02 03:06:09,664 - INFO - Get LATEST chromedriver version for google-chrome
2026-10-02 03:06:09,787 - INFO - WebDriver version 154.0.8037.92 selected
2026-10-02 03:06:09,793 - INFO - Modern chrome version https://storage.googleapis.com/chrome-for-testing-public/154.0.8037.92/linux64/chromedriver-linux64.zip
2026-10-02 03:06:09,793 - INFO - About to download new driver from https://storage.googleapis.com/chrome-for-testing-public/154.0.8037.92/linux64/chromedriver-linux64.zip
2026-10-02 03:06:09,847 - INFO - Driver downloading response is 200
2026-10-02 03:06:10,148 - INFO - Driver has been saved in cache [/home/runner/.wdm/drivers/chromedriver/linux64/154.0.8037.92]
2026-10-02 03:06:10,150 - INFO - chrome_driver_path: /home/runner/.wdm/drivers/chromedriver/linux64/154.0.8037.92/chromedriver-linux64/chromedriver
2026-10-02 03:06:18,332 - INFO - Removing log file: get-imdb-sha256-20260922022258567.log
2026-10-02 03:06:18,332 - INFO - Chrome Browser Version: 154.0.8037.57
2026-10-02 03:06:18,333 - INFO - ChromeDriver Version: 154.0.8037.92 (334b65d254ccc35df4fca82706d1753227b01039-refs/branch-heads/8037@{#1589})
2026-10-02 03:06:18,333 - INFO - Current URL: https://www.imdb.com/search/title/
2026-10-02 03:06:18,333 - INFO - Keyword: Shrek
2026-10-02 03:06:44,267 - ERROR - An error occurred: Message: 
Stacktrace:
#0 0x55ad61968aaa <unknown>
#1 0x55ad61296aa9 <unknown>
#2 0x55ad612ed3ff <unknown>
#3 0x55ad612ed671 <unknown>
#4 0x55ad61339f74 <unknown>
#5 0x55ad613371df <unknown>
#6 0x55ad612e0148 <unknown>
#7 0x55ad612e0f11 <unknown>
#8 0x55ad6192b5ac <unknown>
#9 0x55ad61929dc5 <unknown>
#10 0x55ad61914e95 <unknown>
#11 0x55ad6192aa1a <unknown>
#12 0x55ad618fd5c9 <unknown>
#13 0x55ad619530f8 <unknown>
#14 0x55ad61953295 <unknown>
#15 0x55ad619673f3 <unknown>
#16 0x7f92e369cb84 <unknown>
#17 0x7f92e3729ecc <unknown>

2026-10-02 03:06:44,366 - INFO - Failed to retrieve SHA-256 hash.
2026-10-02 03:06:44,366 - INFO - ====================END====================
