2026-08-12 01:02:34,952 - INFO - ===================START===================
2026-08-12 01:02:34,952 - INFO - ====== WebDriver manager ======
2026-08-12 01:02:37,043 - INFO - Get LATEST chromedriver version for google-chrome
2026-08-12 01:02:37,112 - INFO - There is no [linux64] chromedriver "150.0.7871.124" for browser google-chrome "150.0.7871" in cache
2026-08-12 01:02:37,146 - INFO - There is no [linux64] chromedriver "150.0.7871.124" for browser google-chrome "150.0.7871" in cache
2026-08-12 01:02:37,146 - INFO - Get LATEST chromedriver version for google-chrome
2026-08-12 01:02:37,349 - INFO - WebDriver version 150.0.7871.124 selected
2026-08-12 01:02:37,354 - INFO - Modern chrome version https://storage.googleapis.com/chrome-for-testing-public/150.0.7871.124/linux64/chromedriver-linux64.zip
2026-08-12 01:02:37,354 - INFO - About to download new driver from https://storage.googleapis.com/chrome-for-testing-public/150.0.7871.124/linux64/chromedriver-linux64.zip
2026-08-12 01:02:37,498 - INFO - Driver downloading response is 200
2026-08-12 01:02:37,794 - INFO - Driver has been saved in cache [/home/runner/.wdm/drivers/chromedriver/linux64/150.0.7871.124]
2026-08-12 01:02:37,795 - INFO - chrome_driver_path: /home/runner/.wdm/drivers/chromedriver/linux64/150.0.7871.124/chromedriver-linux64/chromedriver
2026-08-12 01:02:46,210 - INFO - Removing log file: get-imdb-sha256-20260802014801776.log
2026-08-12 01:02:46,210 - INFO - Chrome Browser Version: 150.0.7871.128
2026-08-12 01:02:46,210 - INFO - ChromeDriver Version: 150.0.7871.124 (9261fd0a595ac4964ea84e6bd4a025c1173a2ffa-refs/branch-heads/7871@{#3359})
2026-08-12 01:02:46,211 - INFO - Current URL: https://www.imdb.com/search/title/
2026-08-12 01:02:46,211 - INFO - Keyword: Shrek
2026-08-12 01:03:12,470 - ERROR - An error occurred: Message: 
Stacktrace:
#0 0x55b80f43f44a <unknown>
#1 0x55b80ee178c9 <unknown>
#2 0x55b80ee6cf32 <unknown>
#3 0x55b80ee6d181 <unknown>
#4 0x55b80eeb8374 <unknown>
#5 0x55b80eeb555d <unknown>
#6 0x55b80ee603ff <unknown>
#7 0x55b80ee61261 <unknown>
#8 0x55b80f404cc7 <unknown>
#9 0x55b80f4034a8 <unknown>
#10 0x55b80f3ee196 <unknown>
#11 0x55b80f40406a <unknown>
#12 0x55b80f3d6020 <unknown>
#13 0x55b80f42ab98 <unknown>
#14 0x55b80f42ad35 <unknown>
#15 0x55b80f43dffe <unknown>
#16 0x7fd1bc69caa4 <unknown>
#17 0x7fd1bc729c6c <unknown>

2026-08-12 01:03:12,559 - INFO - Failed to retrieve SHA-256 hash.
2026-08-12 01:03:12,559 - INFO - ====================END====================
