2026-08-26 00:39:36,861 - INFO - ===================START===================
2026-08-26 00:39:36,861 - INFO - ====== WebDriver manager ======
2026-08-26 00:39:39,582 - INFO - Get LATEST chromedriver version for google-chrome
2026-08-26 00:39:39,668 - INFO - There is no [linux64] chromedriver "151.0.7922.138" for browser google-chrome "151.0.7922" in cache
2026-08-26 00:39:39,701 - INFO - There is no [linux64] chromedriver "151.0.7922.138" for browser google-chrome "151.0.7922" in cache
2026-08-26 00:39:39,701 - INFO - Get LATEST chromedriver version for google-chrome
2026-08-26 00:39:39,886 - INFO - WebDriver version 151.0.7922.138 selected
2026-08-26 00:39:39,893 - INFO - Modern chrome version https://storage.googleapis.com/chrome-for-testing-public/151.0.7922.138/linux64/chromedriver-linux64.zip
2026-08-26 00:39:39,893 - INFO - About to download new driver from https://storage.googleapis.com/chrome-for-testing-public/151.0.7922.138/linux64/chromedriver-linux64.zip
2026-08-26 00:39:40,036 - INFO - Driver downloading response is 200
2026-08-26 00:39:40,338 - INFO - Driver has been saved in cache [/home/runner/.wdm/drivers/chromedriver/linux64/151.0.7922.138]
2026-08-26 00:39:40,339 - INFO - chrome_driver_path: /home/runner/.wdm/drivers/chromedriver/linux64/151.0.7922.138/chromedriver-linux64/chromedriver
2026-08-26 00:39:47,393 - INFO - Removing log file: get-imdb-sha256-20260816003956289.log
2026-08-26 00:39:47,393 - INFO - Chrome Browser Version: 151.0.7922.137
2026-08-26 00:39:47,393 - INFO - ChromeDriver Version: 151.0.7922.138 (41fa82442390a4d4456c78f2d69a832d5720cb27-refs/branch-heads/7922@{#2891})
2026-08-26 00:39:47,393 - INFO - Current URL: https://www.imdb.com/search/title/
2026-08-26 00:39:47,394 - INFO - Keyword: Shrek
2026-08-26 00:40:13,527 - ERROR - An error occurred: Message: 
Stacktrace:
#0 0x55f9ed16b36a <unknown>
#1 0x55f9ecadef49 <unknown>
#2 0x55f9ecb347e2 <unknown>
#3 0x55f9ecb34a31 <unknown>
#4 0x55f9ecb7fed4 <unknown>
#5 0x55f9ecb7d0c3 <unknown>
#6 0x55f9ecb27c92 <unknown>
#7 0x55f9ecb28b11 <unknown>
#8 0x55f9ed1308d0 <unknown>
#9 0x55f9ed12ef3a <unknown>
#10 0x55f9ed1199b5 <unknown>
#11 0x55f9ed12fc0a <unknown>
#12 0x55f9ed101740 <unknown>
#13 0x55f9ed1569a8 <unknown>
#14 0x55f9ed156b45 <unknown>
#15 0x55f9ed169f1e <unknown>
#16 0x7f93ac69cb84 <unknown>
#17 0x7f93ac729d6c <unknown>

2026-08-26 00:40:13,619 - INFO - Failed to retrieve SHA-256 hash.
2026-08-26 00:40:13,619 - INFO - ====================END====================
