2026-07-27 01:56:10,781 - INFO - ===================START===================
2026-07-27 01:56:10,781 - INFO - ====== WebDriver manager ======
2026-07-27 01:56:12,843 - INFO - Get LATEST chromedriver version for google-chrome
2026-07-27 01:56:12,885 - INFO - There is no [linux64] chromedriver "150.0.7871.124" for browser google-chrome "150.0.7871" in cache
2026-07-27 01:56:12,918 - INFO - There is no [linux64] chromedriver "150.0.7871.124" for browser google-chrome "150.0.7871" in cache
2026-07-27 01:56:12,919 - INFO - Get LATEST chromedriver version for google-chrome
2026-07-27 01:56:13,036 - INFO - WebDriver version 150.0.7871.124 selected
2026-07-27 01:56:13,043 - INFO - Modern chrome version https://storage.googleapis.com/chrome-for-testing-public/150.0.7871.124/linux64/chromedriver-linux64.zip
2026-07-27 01:56:13,043 - INFO - About to download new driver from https://storage.googleapis.com/chrome-for-testing-public/150.0.7871.124/linux64/chromedriver-linux64.zip
2026-07-27 01:56:13,103 - INFO - Driver downloading response is 200
2026-07-27 01:56:13,306 - INFO - Driver has been saved in cache [/home/runner/.wdm/drivers/chromedriver/linux64/150.0.7871.124]
2026-07-27 01:56:13,307 - INFO - chrome_driver_path: /home/runner/.wdm/drivers/chromedriver/linux64/150.0.7871.124/chromedriver-linux64/chromedriver
2026-07-27 01:56:20,337 - INFO - Removing log file: get-imdb-sha256-20260717014529889.log
2026-07-27 01:56:20,338 - INFO - Chrome Browser Version: 150.0.7871.128
2026-07-27 01:56:20,338 - INFO - ChromeDriver Version: 150.0.7871.124 (9261fd0a595ac4964ea84e6bd4a025c1173a2ffa-refs/branch-heads/7871@{#3359})
2026-07-27 01:56:20,338 - INFO - Current URL: https://www.imdb.com/search/title/
2026-07-27 01:56:20,338 - INFO - Keyword: Shrek
2026-07-27 01:56:47,446 - ERROR - An error occurred: Message: 
Stacktrace:
#0 0x560c8522644a <unknown>
#1 0x560c84bfe8c9 <unknown>
#2 0x560c84c53f32 <unknown>
#3 0x560c84c54181 <unknown>
#4 0x560c84c9f374 <unknown>
#5 0x560c84c9c55d <unknown>
#6 0x560c84c473ff <unknown>
#7 0x560c84c48261 <unknown>
#8 0x560c851ebcc7 <unknown>
#9 0x560c851ea4a8 <unknown>
#10 0x560c851d5196 <unknown>
#11 0x560c851eb06a <unknown>
#12 0x560c851bd020 <unknown>
#13 0x560c85211b98 <unknown>
#14 0x560c85211d35 <unknown>
#15 0x560c85224ffe <unknown>
#16 0x7f398109caa4 <unknown>
#17 0x7f3981129c6c <unknown>

2026-07-27 01:56:47,536 - INFO - Failed to retrieve SHA-256 hash.
2026-07-27 01:56:47,536 - INFO - ====================END====================
