2026-07-22 01:42:42,844 - INFO - ===================START===================
2026-07-22 01:42:42,845 - INFO - ====== WebDriver manager ======
2026-07-22 01:42:45,932 - INFO - Get LATEST chromedriver version for google-chrome
2026-07-22 01:42:46,044 - INFO - There is no [linux64] chromedriver "150.0.7871.124" for browser google-chrome "150.0.7871" in cache
2026-07-22 01:42:46,076 - INFO - There is no [linux64] chromedriver "150.0.7871.124" for browser google-chrome "150.0.7871" in cache
2026-07-22 01:42:46,076 - INFO - Get LATEST chromedriver version for google-chrome
2026-07-22 01:42:46,190 - INFO - WebDriver version 150.0.7871.124 selected
2026-07-22 01:42:46,194 - INFO - Modern chrome version https://storage.googleapis.com/chrome-for-testing-public/150.0.7871.124/linux64/chromedriver-linux64.zip
2026-07-22 01:42:46,195 - INFO - About to download new driver from https://storage.googleapis.com/chrome-for-testing-public/150.0.7871.124/linux64/chromedriver-linux64.zip
2026-07-22 01:42:46,258 - INFO - Driver downloading response is 200
2026-07-22 01:42:46,498 - INFO - Driver has been saved in cache [/home/runner/.wdm/drivers/chromedriver/linux64/150.0.7871.124]
2026-07-22 01:42:46,499 - INFO - chrome_driver_path: /home/runner/.wdm/drivers/chromedriver/linux64/150.0.7871.124/chromedriver-linux64/chromedriver
2026-07-22 01:42:57,986 - INFO - Removing log file: get-imdb-sha256-20260712014628467.log
2026-07-22 01:42:57,986 - INFO - Chrome Browser Version: 150.0.7871.114
2026-07-22 01:42:57,986 - INFO - ChromeDriver Version: 150.0.7871.124 (9261fd0a595ac4964ea84e6bd4a025c1173a2ffa-refs/branch-heads/7871@{#3359})
2026-07-22 01:42:57,986 - INFO - Current URL: https://www.imdb.com/search/title/
2026-07-22 01:42:57,986 - INFO - Keyword: Shrek
2026-07-22 01:43:09,991 - INFO - Current URL after first search results found: https://www.imdb.com/search/title/?title=Shrek&title_type=feature
2026-07-22 01:43:10,198 - INFO - Network request URL containing SHA-256 hash (ENCODED): https://caching.graphql.imdb.com/?operationName=AdvancedTitleSearch&variables=%7B%22first%22%3A50%2C%22locale%22%3A%22en-US%22%2C%22sortBy%22%3A%22POPULARITY%22%2C%22sortOrder%22%3A%22ASC%22%2C%22titleTextConstraint%22%3A%7B%22searchTerm%22%3A%22Shrek%22%7D%2C%22titleTypeConstraint%22%3A%7B%22anyTitleTypeIds%22%3A%5B%22movie%22%5D%7D%7D&extensions=%7B%22persistedQuery%22%3A%7B%22sha256Hash%22%3A%2278932519bc74ceb6be628fe452c0e59a48bcf8ca91fc550dd5de43ab200acd52%22%2C%22version%22%3A1%7D%7D
2026-07-22 01:43:10,199 - INFO - Network request URL containing SHA-256 hash (DECODED): https://caching.graphql.imdb.com/?operationName=AdvancedTitleSearch&variables={"first":50,"locale":"en-US","sortBy":"POPULARITY","sortOrder":"ASC","titleTextConstraint":{"searchTerm":"Shrek"},"titleTypeConstraint":{"anyTitleTypeIds":["movie"]}}&extensions={"persistedQuery":{"sha256Hash":"78932519bc74ceb6be628fe452c0e59a48bcf8ca91fc550dd5de43ab200acd52","version":1}}
2026-07-22 01:43:10,199 - INFO - Extracted SHA-256 hash: 78932519bc74ceb6be628fe452c0e59a48bcf8ca91fc550dd5de43ab200acd52
2026-07-22 01:43:10,398 - INFO - SHA-256 hash from network tab: 78932519bc74ceb6be628fe452c0e59a48bcf8ca91fc550dd5de43ab200acd52
2026-07-22 01:43:10,398 - INFO - Hash in file and hash retrieved match.
2026-07-22 01:43:10,399 - INFO - SHA-256 hash written to HASH file.
2026-07-22 01:43:10,399 - INFO - ====================END====================
