2026-09-05 01:58:14,252 - INFO - ===================START===================
2026-09-05 01:58:14,252 - INFO - ====== WebDriver manager ======
2026-09-05 01:58:16,817 - INFO - Get LATEST chromedriver version for google-chrome
2026-09-05 01:58:16,872 - INFO - There is no [linux64] chromedriver "152.0.7977.82" for browser google-chrome "152.0.7977" in cache
2026-09-05 01:58:16,904 - INFO - There is no [linux64] chromedriver "152.0.7977.82" for browser google-chrome "152.0.7977" in cache
2026-09-05 01:58:16,904 - INFO - Get LATEST chromedriver version for google-chrome
2026-09-05 01:58:17,039 - INFO - WebDriver version 152.0.7977.82 selected
2026-09-05 01:58:17,044 - INFO - Modern chrome version https://storage.googleapis.com/chrome-for-testing-public/152.0.7977.82/linux64/chromedriver-linux64.zip
2026-09-05 01:58:17,044 - INFO - About to download new driver from https://storage.googleapis.com/chrome-for-testing-public/152.0.7977.82/linux64/chromedriver-linux64.zip
2026-09-05 01:58:17,127 - INFO - Driver downloading response is 200
2026-09-05 01:58:17,336 - INFO - Driver has been saved in cache [/home/runner/.wdm/drivers/chromedriver/linux64/152.0.7977.82]
2026-09-05 01:58:17,337 - INFO - chrome_driver_path: /home/runner/.wdm/drivers/chromedriver/linux64/152.0.7977.82/chromedriver-linux64/chromedriver
2026-09-05 01:58:28,572 - INFO - Removing log file: get-imdb-sha256-20260826003936861.log
2026-09-05 01:58:28,572 - INFO - Chrome Browser Version: 152.0.7977.64
2026-09-05 01:58:28,572 - INFO - ChromeDriver Version: 152.0.7977.82 (d04cdb24d67b081f6cf80200ffc5233f44b61109-refs/branch-heads/7977@{#2322})
2026-09-05 01:58:28,572 - INFO - Current URL: https://www.imdb.com/search/title/
2026-09-05 01:58:28,572 - INFO - Keyword: Shrek
2026-09-05 01:58:54,841 - ERROR - An error occurred: Message: 
Stacktrace:
#0 0x5556f399203a <unknown>
#1 0x5556f32fa4c9 <unknown>
#2 0x5556f3350242 <unknown>
#3 0x5556f33504a1 <unknown>
#4 0x5556f339b394 <unknown>
#5 0x5556f33985ad <unknown>
#6 0x5556f334383b <unknown>
#7 0x5556f3344621 <unknown>
#8 0x5556f39565f0 <unknown>
#9 0x5556f3954c6a <unknown>
#10 0x5556f393f9f5 <unknown>
#11 0x5556f395592a <unknown>
#12 0x5556f3928d10 <unknown>
#13 0x5556f397d158 <unknown>
#14 0x5556f397d2f5 <unknown>
#15 0x5556f3990bc3 <unknown>
#16 0x7fd63f69cb84 <unknown>
#17 0x7fd63f729d6c <unknown>

2026-09-05 01:58:54,939 - INFO - Failed to retrieve SHA-256 hash.
2026-09-05 01:58:54,940 - INFO - ====================END====================
