2026-07-24 01:45:56,839 - INFO - ===================START===================
2026-07-24 01:45:56,839 - INFO - ====== WebDriver manager ======
2026-07-24 01:45:57,008 - INFO - Get LATEST chromedriver version for google-chrome
2026-07-24 01:45:57,057 - INFO - There is no [linux64] chromedriver "150.0.7871.124" for browser google-chrome "150.0.7871" in cache
2026-07-24 01:45:57,090 - INFO - There is no [linux64] chromedriver "150.0.7871.124" for browser google-chrome "150.0.7871" in cache
2026-07-24 01:45:57,090 - INFO - Get LATEST chromedriver version for google-chrome
2026-07-24 01:45:57,202 - INFO - WebDriver version 150.0.7871.124 selected
2026-07-24 01:45:57,207 - INFO - Modern chrome version https://storage.googleapis.com/chrome-for-testing-public/150.0.7871.124/linux64/chromedriver-linux64.zip
2026-07-24 01:45:57,207 - INFO - About to download new driver from https://storage.googleapis.com/chrome-for-testing-public/150.0.7871.124/linux64/chromedriver-linux64.zip
2026-07-24 01:45:57,272 - INFO - Driver downloading response is 200
2026-07-24 01:45:57,441 - INFO - Driver has been saved in cache [/home/runner/.wdm/drivers/chromedriver/linux64/150.0.7871.124]
2026-07-24 01:45:57,442 - INFO - chrome_driver_path: /home/runner/.wdm/drivers/chromedriver/linux64/150.0.7871.124/chromedriver-linux64/chromedriver
2026-07-24 01:45:58,137 - INFO - Removing log file: get-imdb-sha256-20260714012519545.log
2026-07-24 01:45:58,137 - INFO - Chrome Browser Version: 150.0.7871.114
2026-07-24 01:45:58,137 - INFO - ChromeDriver Version: 150.0.7871.124 (9261fd0a595ac4964ea84e6bd4a025c1173a2ffa-refs/branch-heads/7871@{#3359})
2026-07-24 01:45:58,137 - INFO - Current URL: https://www.imdb.com/search/title/
2026-07-24 01:45:58,137 - INFO - Keyword: Shrek
2026-07-24 01:46:23,873 - ERROR - An error occurred: Message: 
Stacktrace:
#0 0x5589c13b744a <unknown>
#1 0x5589c0d8f8c9 <unknown>
#2 0x5589c0de4f32 <unknown>
#3 0x5589c0de5181 <unknown>
#4 0x5589c0e30374 <unknown>
#5 0x5589c0e2d55d <unknown>
#6 0x5589c0dd83ff <unknown>
#7 0x5589c0dd9261 <unknown>
#8 0x5589c137ccc7 <unknown>
#9 0x5589c137b4a8 <unknown>
#10 0x5589c1366196 <unknown>
#11 0x5589c137c06a <unknown>
#12 0x5589c134e020 <unknown>
#13 0x5589c13a2b98 <unknown>
#14 0x5589c13a2d35 <unknown>
#15 0x5589c13b5ffe <unknown>
#16 0x7f1bf709caa4 <unknown>
#17 0x7f1bf7129c6c <unknown>

2026-07-24 01:46:23,962 - INFO - Failed to retrieve SHA-256 hash.
2026-07-24 01:46:23,962 - INFO - ====================END====================
