2026-08-11 00:56:10,593 - INFO - ===================START===================
2026-08-11 00:56:10,593 - INFO - ====== WebDriver manager ======
2026-08-11 00:56:12,426 - INFO - Get LATEST chromedriver version for google-chrome
2026-08-11 00:56:12,531 - INFO - There is no [linux64] chromedriver "150.0.7871.124" for browser google-chrome "150.0.7871" in cache
2026-08-11 00:56:12,565 - INFO - There is no [linux64] chromedriver "150.0.7871.124" for browser google-chrome "150.0.7871" in cache
2026-08-11 00:56:12,565 - INFO - Get LATEST chromedriver version for google-chrome
2026-08-11 00:56:12,793 - INFO - WebDriver version 150.0.7871.124 selected
2026-08-11 00:56:12,800 - INFO - Modern chrome version https://storage.googleapis.com/chrome-for-testing-public/150.0.7871.124/linux64/chromedriver-linux64.zip
2026-08-11 00:56:12,800 - INFO - About to download new driver from https://storage.googleapis.com/chrome-for-testing-public/150.0.7871.124/linux64/chromedriver-linux64.zip
2026-08-11 00:56:12,920 - INFO - Driver downloading response is 200
2026-08-11 00:56:13,207 - INFO - Driver has been saved in cache [/home/runner/.wdm/drivers/chromedriver/linux64/150.0.7871.124]
2026-08-11 00:56:13,209 - INFO - chrome_driver_path: /home/runner/.wdm/drivers/chromedriver/linux64/150.0.7871.124/chromedriver-linux64/chromedriver
2026-08-11 00:56:18,428 - INFO - Removing log file: get-imdb-sha256-20260801015147337.log
2026-08-11 00:56:18,428 - INFO - Chrome Browser Version: 150.0.7871.128
2026-08-11 00:56:18,428 - INFO - ChromeDriver Version: 150.0.7871.124 (9261fd0a595ac4964ea84e6bd4a025c1173a2ffa-refs/branch-heads/7871@{#3359})
2026-08-11 00:56:18,428 - INFO - Current URL: https://www.imdb.com/search/title/
2026-08-11 00:56:18,428 - INFO - Keyword: Shrek
2026-08-11 00:56:44,581 - ERROR - An error occurred: Message: 
Stacktrace:
#0 0x55dbcba8b44a <unknown>
#1 0x55dbcb4638c9 <unknown>
#2 0x55dbcb4b8f32 <unknown>
#3 0x55dbcb4b9181 <unknown>
#4 0x55dbcb504374 <unknown>
#5 0x55dbcb50155d <unknown>
#6 0x55dbcb4ac3ff <unknown>
#7 0x55dbcb4ad261 <unknown>
#8 0x55dbcba50cc7 <unknown>
#9 0x55dbcba4f4a8 <unknown>
#10 0x55dbcba3a196 <unknown>
#11 0x55dbcba5006a <unknown>
#12 0x55dbcba22020 <unknown>
#13 0x55dbcba76b98 <unknown>
#14 0x55dbcba76d35 <unknown>
#15 0x55dbcba89ffe <unknown>
#16 0x7f49f6a9caa4 <unknown>
#17 0x7f49f6b29c6c <unknown>

2026-08-11 00:56:44,669 - INFO - Failed to retrieve SHA-256 hash.
2026-08-11 00:56:44,670 - INFO - ====================END====================
