2026-08-22 00:37:38,308 - INFO - ===================START===================
2026-08-22 00:37:38,308 - INFO - ====== WebDriver manager ======
2026-08-22 00:37:40,604 - INFO - Get LATEST chromedriver version for google-chrome
2026-08-22 00:37:40,664 - INFO - There is no [linux64] chromedriver "151.0.7922.138" for browser google-chrome "151.0.7922" in cache
2026-08-22 00:37:40,697 - INFO - There is no [linux64] chromedriver "151.0.7922.138" for browser google-chrome "151.0.7922" in cache
2026-08-22 00:37:40,697 - INFO - Get LATEST chromedriver version for google-chrome
2026-08-22 00:37:40,860 - INFO - WebDriver version 151.0.7922.138 selected
2026-08-22 00:37:40,868 - INFO - Modern chrome version https://storage.googleapis.com/chrome-for-testing-public/151.0.7922.138/linux64/chromedriver-linux64.zip
2026-08-22 00:37:40,868 - INFO - About to download new driver from https://storage.googleapis.com/chrome-for-testing-public/151.0.7922.138/linux64/chromedriver-linux64.zip
2026-08-22 00:37:40,977 - INFO - Driver downloading response is 200
2026-08-22 00:37:41,239 - INFO - Driver has been saved in cache [/home/runner/.wdm/drivers/chromedriver/linux64/151.0.7922.138]
2026-08-22 00:37:41,240 - INFO - chrome_driver_path: /home/runner/.wdm/drivers/chromedriver/linux64/151.0.7922.138/chromedriver-linux64/chromedriver
2026-08-22 00:37:48,675 - INFO - Removing log file: get-imdb-sha256-20260812010234952.log
2026-08-22 00:37:48,675 - INFO - Chrome Browser Version: 151.0.7922.137
2026-08-22 00:37:48,675 - INFO - ChromeDriver Version: 151.0.7922.138 (41fa82442390a4d4456c78f2d69a832d5720cb27-refs/branch-heads/7922@{#2891})
2026-08-22 00:37:48,675 - INFO - Current URL: https://www.imdb.com/search/title/
2026-08-22 00:37:48,675 - INFO - Keyword: Shrek
2026-08-22 00:38:14,579 - ERROR - An error occurred: Message: 
Stacktrace:
#0 0x5609f3fe136a <unknown>
#1 0x5609f3954f49 <unknown>
#2 0x5609f39aa7e2 <unknown>
#3 0x5609f39aaa31 <unknown>
#4 0x5609f39f5ed4 <unknown>
#5 0x5609f39f30c3 <unknown>
#6 0x5609f399dc92 <unknown>
#7 0x5609f399eb11 <unknown>
#8 0x5609f3fa68d0 <unknown>
#9 0x5609f3fa4f3a <unknown>
#10 0x5609f3f8f9b5 <unknown>
#11 0x5609f3fa5c0a <unknown>
#12 0x5609f3f77740 <unknown>
#13 0x5609f3fcc9a8 <unknown>
#14 0x5609f3fccb45 <unknown>
#15 0x5609f3fdff1e <unknown>
#16 0x7f7a3369cb84 <unknown>
#17 0x7f7a33729d6c <unknown>

2026-08-22 00:38:14,675 - INFO - Failed to retrieve SHA-256 hash.
2026-08-22 00:38:14,675 - INFO - ====================END====================
