2026-09-30 02:57:33,679 - INFO - ===================START===================
2026-09-30 02:57:33,679 - INFO - ====== WebDriver manager ======
2026-09-30 02:57:35,929 - INFO - Get LATEST chromedriver version for google-chrome
2026-09-30 02:57:36,041 - INFO - There is no [linux64] chromedriver "153.0.8010.52" for browser google-chrome "153.0.8010" in cache
2026-09-30 02:57:36,077 - INFO - There is no [linux64] chromedriver "153.0.8010.52" for browser google-chrome "153.0.8010" in cache
2026-09-30 02:57:36,077 - INFO - Get LATEST chromedriver version for google-chrome
2026-09-30 02:57:36,306 - INFO - WebDriver version 153.0.8010.52 selected
2026-09-30 02:57:36,313 - INFO - Modern chrome version https://storage.googleapis.com/chrome-for-testing-public/153.0.8010.52/linux64/chromedriver-linux64.zip
2026-09-30 02:57:36,313 - INFO - About to download new driver from https://storage.googleapis.com/chrome-for-testing-public/153.0.8010.52/linux64/chromedriver-linux64.zip
2026-09-30 02:57:36,429 - INFO - Driver downloading response is 200
2026-09-30 02:57:36,732 - INFO - Driver has been saved in cache [/home/runner/.wdm/drivers/chromedriver/linux64/153.0.8010.52]
2026-09-30 02:57:36,733 - INFO - chrome_driver_path: /home/runner/.wdm/drivers/chromedriver/linux64/153.0.8010.52/chromedriver-linux64/chromedriver
2026-09-30 02:57:44,727 - INFO - Removing log file: get-imdb-sha256-20260920021950701.log
2026-09-30 02:57:44,727 - INFO - Chrome Browser Version: 153.0.8010.52
2026-09-30 02:57:44,728 - INFO - ChromeDriver Version: 153.0.8010.52 (78e5e45d4bb41035e17ea4da2cc257f496416ac9-refs/branch-heads/8010@{#1443})
2026-09-30 02:57:44,728 - INFO - Current URL: https://www.imdb.com/search/title/
2026-09-30 02:57:44,728 - INFO - Keyword: Shrek
2026-09-30 02:58:10,850 - ERROR - An error occurred: Message: 
Stacktrace:
#0 0x56469af799fa <unknown>
#1 0x56469a8af5b9 <unknown>
#2 0x56469a905dfc <unknown>
#3 0x56469a906071 <unknown>
#4 0x56469a952664 <unknown>
#5 0x56469a94f8de <unknown>
#6 0x56469a8f8b8b <unknown>
#7 0x56469a8f9971 <unknown>
#8 0x56469af3c667 <unknown>
#9 0x56469af3ae95 <unknown>
#10 0x56469af25f55 <unknown>
#11 0x56469af3baea <unknown>
#12 0x56469af0e6c9 <unknown>
#13 0x56469af639a8 <unknown>
#14 0x56469af63b45 <unknown>
#15 0x56469af78353 <unknown>
#16 0x7f950649cb84 <unknown>
#17 0x7f9506529ecc <unknown>

2026-09-30 02:58:10,945 - INFO - Failed to retrieve SHA-256 hash.
2026-09-30 02:58:10,945 - INFO - ====================END====================
