2026-09-08 02:01:40,656 - INFO - ===================START===================
2026-09-08 02:01:40,656 - INFO - ====== WebDriver manager ======
2026-09-08 02:01:40,902 - INFO - Get LATEST chromedriver version for google-chrome
2026-09-08 02:01:40,955 - INFO - There is no [linux64] chromedriver "152.0.7977.82" for browser google-chrome "152.0.7977" in cache
2026-09-08 02:01:40,992 - INFO - There is no [linux64] chromedriver "152.0.7977.82" for browser google-chrome "152.0.7977" in cache
2026-09-08 02:01:40,993 - INFO - Get LATEST chromedriver version for google-chrome
2026-09-08 02:01:41,103 - INFO - WebDriver version 152.0.7977.82 selected
2026-09-08 02:01:41,110 - INFO - Modern chrome version https://storage.googleapis.com/chrome-for-testing-public/152.0.7977.82/linux64/chromedriver-linux64.zip
2026-09-08 02:01:41,110 - INFO - About to download new driver from https://storage.googleapis.com/chrome-for-testing-public/152.0.7977.82/linux64/chromedriver-linux64.zip
2026-09-08 02:01:41,197 - INFO - Driver downloading response is 200
2026-09-08 02:01:41,413 - INFO - Driver has been saved in cache [/home/runner/.wdm/drivers/chromedriver/linux64/152.0.7977.82]
2026-09-08 02:01:41,415 - INFO - chrome_driver_path: /home/runner/.wdm/drivers/chromedriver/linux64/152.0.7977.82/chromedriver-linux64/chromedriver
2026-09-08 02:01:42,184 - INFO - Removing log file: get-imdb-sha256-20260829044532809.log
2026-09-08 02:01:42,184 - INFO - Chrome Browser Version: 152.0.7977.64
2026-09-08 02:01:42,184 - INFO - ChromeDriver Version: 152.0.7977.82 (d04cdb24d67b081f6cf80200ffc5233f44b61109-refs/branch-heads/7977@{#2322})
2026-09-08 02:01:42,184 - INFO - Current URL: https://www.imdb.com/search/title/
2026-09-08 02:01:42,184 - INFO - Keyword: Shrek
2026-09-08 02:02:08,055 - ERROR - An error occurred: Message: 
Stacktrace:
#0 0x55be3c8a103a <unknown>
#1 0x55be3c2094c9 <unknown>
#2 0x55be3c25f242 <unknown>
#3 0x55be3c25f4a1 <unknown>
#4 0x55be3c2aa394 <unknown>
#5 0x55be3c2a75ad <unknown>
#6 0x55be3c25283b <unknown>
#7 0x55be3c253621 <unknown>
#8 0x55be3c8655f0 <unknown>
#9 0x55be3c863c6a <unknown>
#10 0x55be3c84e9f5 <unknown>
#11 0x55be3c86492a <unknown>
#12 0x55be3c837d10 <unknown>
#13 0x55be3c88c158 <unknown>
#14 0x55be3c88c2f5 <unknown>
#15 0x55be3c89fbc3 <unknown>
#16 0x7f2edf89cb84 <unknown>
#17 0x7f2edf929d6c <unknown>

2026-09-08 02:02:08,143 - INFO - Failed to retrieve SHA-256 hash.
2026-09-08 02:02:08,143 - INFO - ====================END====================
