2026-08-16 00:39:56,290 - INFO - ===================START===================
2026-08-16 00:39:56,290 - INFO - ====== WebDriver manager ======
2026-08-16 00:39:56,539 - INFO - Get LATEST chromedriver version for google-chrome
2026-08-16 00:39:56,651 - INFO - There is no [linux64] chromedriver "151.0.7922.138" for browser google-chrome "151.0.7922" in cache
2026-08-16 00:39:56,682 - INFO - There is no [linux64] chromedriver "151.0.7922.138" for browser google-chrome "151.0.7922" in cache
2026-08-16 00:39:56,682 - INFO - Get LATEST chromedriver version for google-chrome
2026-08-16 00:39:56,795 - INFO - WebDriver version 151.0.7922.138 selected
2026-08-16 00:39:56,801 - INFO - Modern chrome version https://storage.googleapis.com/chrome-for-testing-public/151.0.7922.138/linux64/chromedriver-linux64.zip
2026-08-16 00:39:56,801 - INFO - About to download new driver from https://storage.googleapis.com/chrome-for-testing-public/151.0.7922.138/linux64/chromedriver-linux64.zip
2026-08-16 00:39:56,871 - INFO - Driver downloading response is 200
2026-08-16 00:39:57,130 - INFO - Driver has been saved in cache [/home/runner/.wdm/drivers/chromedriver/linux64/151.0.7922.138]
2026-08-16 00:39:57,132 - INFO - chrome_driver_path: /home/runner/.wdm/drivers/chromedriver/linux64/151.0.7922.138/chromedriver-linux64/chromedriver
2026-08-16 00:39:58,016 - INFO - Removing log file: get-imdb-sha256-20260806012855845.log
2026-08-16 00:39:58,017 - INFO - Chrome Browser Version: 151.0.7922.108
2026-08-16 00:39:58,017 - INFO - ChromeDriver Version: 151.0.7922.138 (41fa82442390a4d4456c78f2d69a832d5720cb27-refs/branch-heads/7922@{#2891})
2026-08-16 00:39:58,017 - INFO - Current URL: https://www.imdb.com/search/title/
2026-08-16 00:39:58,017 - INFO - Keyword: Shrek
2026-08-16 00:40:23,905 - ERROR - An error occurred: Message: 
Stacktrace:
#0 0x56062e76936a <unknown>
#1 0x56062e0dcf49 <unknown>
#2 0x56062e1327e2 <unknown>
#3 0x56062e132a31 <unknown>
#4 0x56062e17ded4 <unknown>
#5 0x56062e17b0c3 <unknown>
#6 0x56062e125c92 <unknown>
#7 0x56062e126b11 <unknown>
#8 0x56062e72e8d0 <unknown>
#9 0x56062e72cf3a <unknown>
#10 0x56062e7179b5 <unknown>
#11 0x56062e72dc0a <unknown>
#12 0x56062e6ff740 <unknown>
#13 0x56062e7549a8 <unknown>
#14 0x56062e754b45 <unknown>
#15 0x56062e767f1e <unknown>
#16 0x7fea3e49cb84 <unknown>
#17 0x7fea3e529d6c <unknown>

2026-08-16 00:40:24,001 - INFO - Failed to retrieve SHA-256 hash.
2026-08-16 00:40:24,001 - INFO - ====================END====================
