2026-10-03 02:53:00,441 - INFO - ===================START===================
2026-10-03 02:53:00,442 - INFO - ====== WebDriver manager ======
2026-10-03 02:53:02,515 - INFO - Get LATEST chromedriver version for google-chrome
2026-10-03 02:53:02,554 - INFO - There is no [linux64] chromedriver "154.0.8037.92" for browser google-chrome "154.0.8037" in cache
2026-10-03 02:53:02,581 - INFO - There is no [linux64] chromedriver "154.0.8037.92" for browser google-chrome "154.0.8037" in cache
2026-10-03 02:53:02,581 - INFO - Get LATEST chromedriver version for google-chrome
2026-10-03 02:53:02,673 - INFO - WebDriver version 154.0.8037.92 selected
2026-10-03 02:53:02,678 - INFO - Modern chrome version https://storage.googleapis.com/chrome-for-testing-public/154.0.8037.92/linux64/chromedriver-linux64.zip
2026-10-03 02:53:02,678 - INFO - About to download new driver from https://storage.googleapis.com/chrome-for-testing-public/154.0.8037.92/linux64/chromedriver-linux64.zip
2026-10-03 02:53:02,782 - INFO - Driver downloading response is 200
2026-10-03 02:53:03,006 - INFO - Driver has been saved in cache [/home/runner/.wdm/drivers/chromedriver/linux64/154.0.8037.92]
2026-10-03 02:53:03,007 - INFO - chrome_driver_path: /home/runner/.wdm/drivers/chromedriver/linux64/154.0.8037.92/chromedriver-linux64/chromedriver
2026-10-03 02:53:08,655 - INFO - Removing log file: get-imdb-sha256-20260923022303341.log
2026-10-03 02:53:08,655 - INFO - Chrome Browser Version: 154.0.8037.57
2026-10-03 02:53:08,655 - INFO - ChromeDriver Version: 154.0.8037.92 (334b65d254ccc35df4fca82706d1753227b01039-refs/branch-heads/8037@{#1589})
2026-10-03 02:53:08,655 - INFO - Current URL: https://www.imdb.com/search/title/
2026-10-03 02:53:08,655 - INFO - Keyword: Shrek
2026-10-03 02:53:34,505 - ERROR - An error occurred: Message: 
Stacktrace:
#0 0x55fa08725aaa <unknown>
#1 0x55fa08053aa9 <unknown>
#2 0x55fa080aa3ff <unknown>
#3 0x55fa080aa671 <unknown>
#4 0x55fa080f6f74 <unknown>
#5 0x55fa080f41df <unknown>
#6 0x55fa0809d148 <unknown>
#7 0x55fa0809df11 <unknown>
#8 0x55fa086e85ac <unknown>
#9 0x55fa086e6dc5 <unknown>
#10 0x55fa086d1e95 <unknown>
#11 0x55fa086e7a1a <unknown>
#12 0x55fa086ba5c9 <unknown>
#13 0x55fa087100f8 <unknown>
#14 0x55fa08710295 <unknown>
#15 0x55fa087243f3 <unknown>
#16 0x7f89ee89cb84 <unknown>
#17 0x7f89ee929ecc <unknown>

2026-10-03 02:53:34,597 - INFO - Failed to retrieve SHA-256 hash.
2026-10-03 02:53:34,597 - INFO - ====================END====================
