2026-10-04 03:22:44,613 - INFO - ===================START===================
2026-10-04 03:22:44,613 - INFO - ====== WebDriver manager ======
2026-10-04 03:22:46,638 - INFO - Get LATEST chromedriver version for google-chrome
2026-10-04 03:22:46,680 - INFO - There is no [linux64] chromedriver "154.0.8037.92" for browser google-chrome "154.0.8037" in cache
2026-10-04 03:22:46,714 - INFO - There is no [linux64] chromedriver "154.0.8037.92" for browser google-chrome "154.0.8037" in cache
2026-10-04 03:22:46,714 - INFO - Get LATEST chromedriver version for google-chrome
2026-10-04 03:22:46,821 - INFO - WebDriver version 154.0.8037.92 selected
2026-10-04 03:22:46,827 - INFO - Modern chrome version https://storage.googleapis.com/chrome-for-testing-public/154.0.8037.92/linux64/chromedriver-linux64.zip
2026-10-04 03:22:46,827 - INFO - About to download new driver from https://storage.googleapis.com/chrome-for-testing-public/154.0.8037.92/linux64/chromedriver-linux64.zip
2026-10-04 03:22:46,920 - INFO - Driver downloading response is 200
2026-10-04 03:22:47,133 - INFO - Driver has been saved in cache [/home/runner/.wdm/drivers/chromedriver/linux64/154.0.8037.92]
2026-10-04 03:22:47,134 - INFO - chrome_driver_path: /home/runner/.wdm/drivers/chromedriver/linux64/154.0.8037.92/chromedriver-linux64/chromedriver
2026-10-04 03:22:55,554 - INFO - Removing log file: get-imdb-sha256-20260924021113252.log
2026-10-04 03:22:55,554 - INFO - Chrome Browser Version: 154.0.8037.57
2026-10-04 03:22:55,554 - INFO - ChromeDriver Version: 154.0.8037.92 (334b65d254ccc35df4fca82706d1753227b01039-refs/branch-heads/8037@{#1589})
2026-10-04 03:22:55,554 - INFO - Current URL: https://www.imdb.com/search/title/
2026-10-04 03:22:55,555 - INFO - Keyword: Shrek
2026-10-04 03:23:21,547 - ERROR - An error occurred: Message: 
Stacktrace:
#0 0x555d68e56aaa <unknown>
#1 0x555d68784aa9 <unknown>
#2 0x555d687db3ff <unknown>
#3 0x555d687db671 <unknown>
#4 0x555d68827f74 <unknown>
#5 0x555d688251df <unknown>
#6 0x555d687ce148 <unknown>
#7 0x555d687cef11 <unknown>
#8 0x555d68e195ac <unknown>
#9 0x555d68e17dc5 <unknown>
#10 0x555d68e02e95 <unknown>
#11 0x555d68e18a1a <unknown>
#12 0x555d68deb5c9 <unknown>
#13 0x555d68e410f8 <unknown>
#14 0x555d68e41295 <unknown>
#15 0x555d68e553f3 <unknown>
#16 0x7fda8789cb84 <unknown>
#17 0x7fda87929ecc <unknown>

2026-10-04 03:23:21,637 - INFO - Failed to retrieve SHA-256 hash.
2026-10-04 03:23:21,638 - INFO - ====================END====================
