2026-08-23 00:40:46,498 - INFO - ===================START===================
2026-08-23 00:40:46,498 - INFO - ====== WebDriver manager ======
2026-08-23 00:40:48,230 - INFO - Get LATEST chromedriver version for google-chrome
2026-08-23 00:40:48,267 - INFO - There is no [linux64] chromedriver "151.0.7922.138" for browser google-chrome "151.0.7922" in cache
2026-08-23 00:40:48,300 - INFO - There is no [linux64] chromedriver "151.0.7922.138" for browser google-chrome "151.0.7922" in cache
2026-08-23 00:40:48,300 - INFO - Get LATEST chromedriver version for google-chrome
2026-08-23 00:40:48,402 - INFO - WebDriver version 151.0.7922.138 selected
2026-08-23 00:40:48,407 - INFO - Modern chrome version https://storage.googleapis.com/chrome-for-testing-public/151.0.7922.138/linux64/chromedriver-linux64.zip
2026-08-23 00:40:48,407 - INFO - About to download new driver from https://storage.googleapis.com/chrome-for-testing-public/151.0.7922.138/linux64/chromedriver-linux64.zip
2026-08-23 00:40:48,465 - INFO - Driver downloading response is 200
2026-08-23 00:40:48,638 - INFO - Driver has been saved in cache [/home/runner/.wdm/drivers/chromedriver/linux64/151.0.7922.138]
2026-08-23 00:40:48,640 - INFO - chrome_driver_path: /home/runner/.wdm/drivers/chromedriver/linux64/151.0.7922.138/chromedriver-linux64/chromedriver
2026-08-23 00:40:54,174 - INFO - Removing log file: get-imdb-sha256-20260813010410614.log
2026-08-23 00:40:54,174 - INFO - Chrome Browser Version: 151.0.7922.137
2026-08-23 00:40:54,174 - INFO - ChromeDriver Version: 151.0.7922.138 (41fa82442390a4d4456c78f2d69a832d5720cb27-refs/branch-heads/7922@{#2891})
2026-08-23 00:40:54,174 - INFO - Current URL: https://www.imdb.com/search/title/
2026-08-23 00:40:54,174 - INFO - Keyword: Shrek
2026-08-23 00:41:20,083 - ERROR - An error occurred: Message: 
Stacktrace:
#0 0x55b7aa6bb36a <unknown>
#1 0x55b7aa02ef49 <unknown>
#2 0x55b7aa0847e2 <unknown>
#3 0x55b7aa084a31 <unknown>
#4 0x55b7aa0cfed4 <unknown>
#5 0x55b7aa0cd0c3 <unknown>
#6 0x55b7aa077c92 <unknown>
#7 0x55b7aa078b11 <unknown>
#8 0x55b7aa6808d0 <unknown>
#9 0x55b7aa67ef3a <unknown>
#10 0x55b7aa6699b5 <unknown>
#11 0x55b7aa67fc0a <unknown>
#12 0x55b7aa651740 <unknown>
#13 0x55b7aa6a69a8 <unknown>
#14 0x55b7aa6a6b45 <unknown>
#15 0x55b7aa6b9f1e <unknown>
#16 0x7f0afde9cb84 <unknown>
#17 0x7f0afdf29d6c <unknown>

2026-08-23 00:41:20,174 - INFO - Failed to retrieve SHA-256 hash.
2026-08-23 00:41:20,174 - INFO - ====================END====================
