2026-10-07 03:16:42,411 - INFO - ===================START===================
2026-10-07 03:16:42,411 - INFO - ====== WebDriver manager ======
2026-10-07 03:16:46,191 - INFO - Get LATEST chromedriver version for google-chrome
2026-10-07 03:16:46,226 - INFO - There is no [linux64] chromedriver "154.0.8037.92" for browser google-chrome "154.0.8037" in cache
2026-10-07 03:16:46,258 - INFO - There is no [linux64] chromedriver "154.0.8037.92" for browser google-chrome "154.0.8037" in cache
2026-10-07 03:16:46,258 - INFO - Get LATEST chromedriver version for google-chrome
2026-10-07 03:16:46,365 - INFO - WebDriver version 154.0.8037.92 selected
2026-10-07 03:16:46,370 - INFO - Modern chrome version https://storage.googleapis.com/chrome-for-testing-public/154.0.8037.92/linux64/chromedriver-linux64.zip
2026-10-07 03:16:46,370 - INFO - About to download new driver from https://storage.googleapis.com/chrome-for-testing-public/154.0.8037.92/linux64/chromedriver-linux64.zip
2026-10-07 03:16:46,469 - INFO - Driver downloading response is 200
2026-10-07 03:16:46,723 - INFO - Driver has been saved in cache [/home/runner/.wdm/drivers/chromedriver/linux64/154.0.8037.92]
2026-10-07 03:16:46,724 - INFO - chrome_driver_path: /home/runner/.wdm/drivers/chromedriver/linux64/154.0.8037.92/chromedriver-linux64/chromedriver
2026-10-07 03:16:59,742 - INFO - Removing log file: get-imdb-sha256-20260927022840445.log
2026-10-07 03:16:59,743 - INFO - Chrome Browser Version: 154.0.8037.57
2026-10-07 03:16:59,743 - INFO - ChromeDriver Version: 154.0.8037.92 (334b65d254ccc35df4fca82706d1753227b01039-refs/branch-heads/8037@{#1589})
2026-10-07 03:16:59,743 - INFO - Current URL: https://www.imdb.com/search/title/
2026-10-07 03:16:59,743 - INFO - Keyword: Shrek
2026-10-07 03:17:26,632 - ERROR - An error occurred: Message: 
Stacktrace:
#0 0x55572aa0caaa <unknown>
#1 0x55572a33aaa9 <unknown>
#2 0x55572a3913ff <unknown>
#3 0x55572a391671 <unknown>
#4 0x55572a3ddf74 <unknown>
#5 0x55572a3db1df <unknown>
#6 0x55572a384148 <unknown>
#7 0x55572a384f11 <unknown>
#8 0x55572a9cf5ac <unknown>
#9 0x55572a9cddc5 <unknown>
#10 0x55572a9b8e95 <unknown>
#11 0x55572a9cea1a <unknown>
#12 0x55572a9a15c9 <unknown>
#13 0x55572a9f70f8 <unknown>
#14 0x55572a9f7295 <unknown>
#15 0x55572aa0b3f3 <unknown>
#16 0x7f020809cb84 <unknown>
#17 0x7f0208129ecc <unknown>

2026-10-07 03:17:26,734 - INFO - Failed to retrieve SHA-256 hash.
2026-10-07 03:17:26,734 - INFO - ====================END====================
