2026-08-20 00:37:28,273 - INFO - ===================START===================
2026-08-20 00:37:28,274 - INFO - ====== WebDriver manager ======
2026-08-20 00:37:30,777 - INFO - Get LATEST chromedriver version for google-chrome
2026-08-20 00:37:30,838 - INFO - There is no [linux64] chromedriver "151.0.7922.138" for browser google-chrome "151.0.7922" in cache
2026-08-20 00:37:30,869 - INFO - There is no [linux64] chromedriver "151.0.7922.138" for browser google-chrome "151.0.7922" in cache
2026-08-20 00:37:30,869 - INFO - Get LATEST chromedriver version for google-chrome
2026-08-20 00:37:30,979 - INFO - WebDriver version 151.0.7922.138 selected
2026-08-20 00:37:30,984 - INFO - Modern chrome version https://storage.googleapis.com/chrome-for-testing-public/151.0.7922.138/linux64/chromedriver-linux64.zip
2026-08-20 00:37:30,984 - INFO - About to download new driver from https://storage.googleapis.com/chrome-for-testing-public/151.0.7922.138/linux64/chromedriver-linux64.zip
2026-08-20 00:37:31,076 - INFO - Driver downloading response is 200
2026-08-20 00:37:31,334 - INFO - Driver has been saved in cache [/home/runner/.wdm/drivers/chromedriver/linux64/151.0.7922.138]
2026-08-20 00:37:31,335 - INFO - chrome_driver_path: /home/runner/.wdm/drivers/chromedriver/linux64/151.0.7922.138/chromedriver-linux64/chromedriver
2026-08-20 00:37:39,373 - INFO - Removing log file: get-imdb-sha256-20260810005645497.log
2026-08-20 00:37:39,374 - INFO - Chrome Browser Version: 151.0.7922.108
2026-08-20 00:37:39,374 - INFO - ChromeDriver Version: 151.0.7922.138 (41fa82442390a4d4456c78f2d69a832d5720cb27-refs/branch-heads/7922@{#2891})
2026-08-20 00:37:39,374 - INFO - Current URL: https://www.imdb.com/search/title/
2026-08-20 00:37:39,374 - INFO - Keyword: Shrek
2026-08-20 00:38:05,296 - ERROR - An error occurred: Message: 
Stacktrace:
#0 0x55f90b4c136a <unknown>
#1 0x55f90ae34f49 <unknown>
#2 0x55f90ae8a7e2 <unknown>
#3 0x55f90ae8aa31 <unknown>
#4 0x55f90aed5ed4 <unknown>
#5 0x55f90aed30c3 <unknown>
#6 0x55f90ae7dc92 <unknown>
#7 0x55f90ae7eb11 <unknown>
#8 0x55f90b4868d0 <unknown>
#9 0x55f90b484f3a <unknown>
#10 0x55f90b46f9b5 <unknown>
#11 0x55f90b485c0a <unknown>
#12 0x55f90b457740 <unknown>
#13 0x55f90b4ac9a8 <unknown>
#14 0x55f90b4acb45 <unknown>
#15 0x55f90b4bff1e <unknown>
#16 0x7f67ca49cb84 <unknown>
#17 0x7f67ca529d6c <unknown>

2026-08-20 00:38:05,392 - INFO - Failed to retrieve SHA-256 hash.
2026-08-20 00:38:05,392 - INFO - ====================END====================
