2026-07-31 01:50:33,391 - INFO - ===================START===================
2026-07-31 01:50:33,391 - INFO - ====== WebDriver manager ======
2026-07-31 01:50:35,565 - INFO - Get LATEST chromedriver version for google-chrome
2026-07-31 01:50:35,601 - INFO - There is no [linux64] chromedriver "150.0.7871.124" for browser google-chrome "150.0.7871" in cache
2026-07-31 01:50:35,632 - INFO - There is no [linux64] chromedriver "150.0.7871.124" for browser google-chrome "150.0.7871" in cache
2026-07-31 01:50:35,632 - INFO - Get LATEST chromedriver version for google-chrome
2026-07-31 01:50:35,741 - INFO - WebDriver version 150.0.7871.124 selected
2026-07-31 01:50:35,746 - INFO - Modern chrome version https://storage.googleapis.com/chrome-for-testing-public/150.0.7871.124/linux64/chromedriver-linux64.zip
2026-07-31 01:50:35,746 - INFO - About to download new driver from https://storage.googleapis.com/chrome-for-testing-public/150.0.7871.124/linux64/chromedriver-linux64.zip
2026-07-31 01:50:35,831 - INFO - Driver downloading response is 200
2026-07-31 01:50:36,073 - INFO - Driver has been saved in cache [/home/runner/.wdm/drivers/chromedriver/linux64/150.0.7871.124]
2026-07-31 01:50:36,074 - INFO - chrome_driver_path: /home/runner/.wdm/drivers/chromedriver/linux64/150.0.7871.124/chromedriver-linux64/chromedriver
2026-07-31 01:50:42,017 - INFO - Removing log file: get-imdb-sha256-20260721014343229.log
2026-07-31 01:50:42,018 - INFO - Chrome Browser Version: 150.0.7871.128
2026-07-31 01:50:42,018 - INFO - ChromeDriver Version: 150.0.7871.124 (9261fd0a595ac4964ea84e6bd4a025c1173a2ffa-refs/branch-heads/7871@{#3359})
2026-07-31 01:50:42,018 - INFO - Current URL: https://www.imdb.com/search/title/
2026-07-31 01:50:42,018 - INFO - Keyword: Shrek
2026-07-31 01:51:08,106 - ERROR - An error occurred: Message: 
Stacktrace:
#0 0x56546150544a <unknown>
#1 0x565460edd8c9 <unknown>
#2 0x565460f32f32 <unknown>
#3 0x565460f33181 <unknown>
#4 0x565460f7e374 <unknown>
#5 0x565460f7b55d <unknown>
#6 0x565460f263ff <unknown>
#7 0x565460f27261 <unknown>
#8 0x5654614cacc7 <unknown>
#9 0x5654614c94a8 <unknown>
#10 0x5654614b4196 <unknown>
#11 0x5654614ca06a <unknown>
#12 0x56546149c020 <unknown>
#13 0x5654614f0b98 <unknown>
#14 0x5654614f0d35 <unknown>
#15 0x565461503ffe <unknown>
#16 0x7f45ed09caa4 <unknown>
#17 0x7f45ed129c6c <unknown>

2026-07-31 01:51:08,198 - INFO - Failed to retrieve SHA-256 hash.
2026-07-31 01:51:08,198 - INFO - ====================END====================
