2026-08-04 01:25:46,886 - INFO - ===================START===================
2026-08-04 01:25:46,886 - INFO - ====== WebDriver manager ======
2026-08-04 01:25:48,418 - INFO - Get LATEST chromedriver version for google-chrome
2026-08-04 01:25:48,581 - INFO - There is no [linux64] chromedriver "150.0.7871.124" for browser google-chrome "150.0.7871" in cache
2026-08-04 01:25:48,615 - INFO - There is no [linux64] chromedriver "150.0.7871.124" for browser google-chrome "150.0.7871" in cache
2026-08-04 01:25:48,615 - INFO - Get LATEST chromedriver version for google-chrome
2026-08-04 01:25:48,728 - INFO - WebDriver version 150.0.7871.124 selected
2026-08-04 01:25:48,734 - INFO - Modern chrome version https://storage.googleapis.com/chrome-for-testing-public/150.0.7871.124/linux64/chromedriver-linux64.zip
2026-08-04 01:25:48,734 - INFO - About to download new driver from https://storage.googleapis.com/chrome-for-testing-public/150.0.7871.124/linux64/chromedriver-linux64.zip
2026-08-04 01:25:48,788 - INFO - Driver downloading response is 200
2026-08-04 01:25:48,968 - INFO - Driver has been saved in cache [/home/runner/.wdm/drivers/chromedriver/linux64/150.0.7871.124]
2026-08-04 01:25:48,969 - INFO - chrome_driver_path: /home/runner/.wdm/drivers/chromedriver/linux64/150.0.7871.124/chromedriver-linux64/chromedriver
2026-08-04 01:25:54,322 - INFO - Removing log file: get-imdb-sha256-20260725014616495.log
2026-08-04 01:25:54,322 - INFO - Chrome Browser Version: 150.0.7871.128
2026-08-04 01:25:54,322 - INFO - ChromeDriver Version: 150.0.7871.124 (9261fd0a595ac4964ea84e6bd4a025c1173a2ffa-refs/branch-heads/7871@{#3359})
2026-08-04 01:25:54,322 - INFO - Current URL: https://www.imdb.com/search/title/
2026-08-04 01:25:54,322 - INFO - Keyword: Shrek
2026-08-04 01:26:20,353 - ERROR - An error occurred: Message: 
Stacktrace:
#0 0x55e70562444a <unknown>
#1 0x55e704ffc8c9 <unknown>
#2 0x55e705051f32 <unknown>
#3 0x55e705052181 <unknown>
#4 0x55e70509d374 <unknown>
#5 0x55e70509a55d <unknown>
#6 0x55e7050453ff <unknown>
#7 0x55e705046261 <unknown>
#8 0x55e7055e9cc7 <unknown>
#9 0x55e7055e84a8 <unknown>
#10 0x55e7055d3196 <unknown>
#11 0x55e7055e906a <unknown>
#12 0x55e7055bb020 <unknown>
#13 0x55e70560fb98 <unknown>
#14 0x55e70560fd35 <unknown>
#15 0x55e705622ffe <unknown>
#16 0x7f9db389caa4 <unknown>
#17 0x7f9db3929c6c <unknown>

2026-08-04 01:26:20,440 - INFO - Failed to retrieve SHA-256 hash.
2026-08-04 01:26:20,441 - INFO - ====================END====================
