2026-08-17 00:37:41,412 - INFO - ===================START===================
2026-08-17 00:37:41,412 - INFO - ====== WebDriver manager ======
2026-08-17 00:37:43,330 - INFO - Get LATEST chromedriver version for google-chrome
2026-08-17 00:37:43,389 - INFO - There is no [linux64] chromedriver "151.0.7922.138" for browser google-chrome "151.0.7922" in cache
2026-08-17 00:37:43,420 - INFO - There is no [linux64] chromedriver "151.0.7922.138" for browser google-chrome "151.0.7922" in cache
2026-08-17 00:37:43,420 - INFO - Get LATEST chromedriver version for google-chrome
2026-08-17 00:37:43,562 - INFO - WebDriver version 151.0.7922.138 selected
2026-08-17 00:37:43,567 - INFO - Modern chrome version https://storage.googleapis.com/chrome-for-testing-public/151.0.7922.138/linux64/chromedriver-linux64.zip
2026-08-17 00:37:43,567 - INFO - About to download new driver from https://storage.googleapis.com/chrome-for-testing-public/151.0.7922.138/linux64/chromedriver-linux64.zip
2026-08-17 00:37:43,652 - INFO - Driver downloading response is 200
2026-08-17 00:37:43,855 - INFO - Driver has been saved in cache [/home/runner/.wdm/drivers/chromedriver/linux64/151.0.7922.138]
2026-08-17 00:37:43,856 - INFO - chrome_driver_path: /home/runner/.wdm/drivers/chromedriver/linux64/151.0.7922.138/chromedriver-linux64/chromedriver
2026-08-17 00:37:49,564 - INFO - Removing log file: get-imdb-sha256-20260807020544823.log
2026-08-17 00:37:49,564 - INFO - Chrome Browser Version: 151.0.7922.108
2026-08-17 00:37:49,564 - INFO - ChromeDriver Version: 151.0.7922.138 (41fa82442390a4d4456c78f2d69a832d5720cb27-refs/branch-heads/7922@{#2891})
2026-08-17 00:37:49,564 - INFO - Current URL: https://www.imdb.com/search/title/
2026-08-17 00:37:49,564 - INFO - Keyword: Shrek
2026-08-17 00:38:15,556 - ERROR - An error occurred: Message: 
Stacktrace:
#0 0x56046109d36a <unknown>
#1 0x560460a10f49 <unknown>
#2 0x560460a667e2 <unknown>
#3 0x560460a66a31 <unknown>
#4 0x560460ab1ed4 <unknown>
#5 0x560460aaf0c3 <unknown>
#6 0x560460a59c92 <unknown>
#7 0x560460a5ab11 <unknown>
#8 0x5604610628d0 <unknown>
#9 0x560461060f3a <unknown>
#10 0x56046104b9b5 <unknown>
#11 0x560461061c0a <unknown>
#12 0x560461033740 <unknown>
#13 0x5604610889a8 <unknown>
#14 0x560461088b45 <unknown>
#15 0x56046109bf1e <unknown>
#16 0x7fb154c9cb84 <unknown>
#17 0x7fb154d29d6c <unknown>

2026-08-17 00:38:15,645 - INFO - Failed to retrieve SHA-256 hash.
2026-08-17 00:38:15,645 - INFO - ====================END====================
