2026-08-21 00:40:18,000 - INFO - ===================START===================
2026-08-21 00:40:18,000 - INFO - ====== WebDriver manager ======
2026-08-21 00:40:19,895 - INFO - Get LATEST chromedriver version for google-chrome
2026-08-21 00:40:19,945 - INFO - There is no [linux64] chromedriver "151.0.7922.138" for browser google-chrome "151.0.7922" in cache
2026-08-21 00:40:19,978 - INFO - There is no [linux64] chromedriver "151.0.7922.138" for browser google-chrome "151.0.7922" in cache
2026-08-21 00:40:19,978 - INFO - Get LATEST chromedriver version for google-chrome
2026-08-21 00:40:20,114 - INFO - WebDriver version 151.0.7922.138 selected
2026-08-21 00:40:20,119 - INFO - Modern chrome version https://storage.googleapis.com/chrome-for-testing-public/151.0.7922.138/linux64/chromedriver-linux64.zip
2026-08-21 00:40:20,119 - INFO - About to download new driver from https://storage.googleapis.com/chrome-for-testing-public/151.0.7922.138/linux64/chromedriver-linux64.zip
2026-08-21 00:40:20,198 - INFO - Driver downloading response is 200
2026-08-21 00:40:20,398 - INFO - Driver has been saved in cache [/home/runner/.wdm/drivers/chromedriver/linux64/151.0.7922.138]
2026-08-21 00:40:20,399 - INFO - chrome_driver_path: /home/runner/.wdm/drivers/chromedriver/linux64/151.0.7922.138/chromedriver-linux64/chromedriver
2026-08-21 00:40:25,621 - INFO - Removing log file: get-imdb-sha256-20260811005610593.log
2026-08-21 00:40:25,621 - INFO - Chrome Browser Version: 151.0.7922.137
2026-08-21 00:40:25,621 - INFO - ChromeDriver Version: 151.0.7922.138 (41fa82442390a4d4456c78f2d69a832d5720cb27-refs/branch-heads/7922@{#2891})
2026-08-21 00:40:25,622 - INFO - Current URL: https://www.imdb.com/search/title/
2026-08-21 00:40:25,622 - INFO - Keyword: Shrek
2026-08-21 00:40:51,572 - ERROR - An error occurred: Message: 
Stacktrace:
#0 0x55e80855a36a <unknown>
#1 0x55e807ecdf49 <unknown>
#2 0x55e807f237e2 <unknown>
#3 0x55e807f23a31 <unknown>
#4 0x55e807f6eed4 <unknown>
#5 0x55e807f6c0c3 <unknown>
#6 0x55e807f16c92 <unknown>
#7 0x55e807f17b11 <unknown>
#8 0x55e80851f8d0 <unknown>
#9 0x55e80851df3a <unknown>
#10 0x55e8085089b5 <unknown>
#11 0x55e80851ec0a <unknown>
#12 0x55e8084f0740 <unknown>
#13 0x55e8085459a8 <unknown>
#14 0x55e808545b45 <unknown>
#15 0x55e808558f1e <unknown>
#16 0x7fdfb669cb84 <unknown>
#17 0x7fdfb6729d6c <unknown>

2026-08-21 00:40:51,669 - INFO - Failed to retrieve SHA-256 hash.
2026-08-21 00:40:51,669 - INFO - ====================END====================
