2026-09-28 02:32:21,673 - INFO - ===================START===================
2026-09-28 02:32:21,673 - INFO - ====== WebDriver manager ======
2026-09-28 02:32:21,910 - INFO - Get LATEST chromedriver version for google-chrome
2026-09-28 02:32:21,974 - INFO - There is no [linux64] chromedriver "153.0.8010.52" for browser google-chrome "153.0.8010" in cache
2026-09-28 02:32:22,008 - INFO - There is no [linux64] chromedriver "153.0.8010.52" for browser google-chrome "153.0.8010" in cache
2026-09-28 02:32:22,008 - INFO - Get LATEST chromedriver version for google-chrome
2026-09-28 02:32:22,184 - INFO - WebDriver version 153.0.8010.52 selected
2026-09-28 02:32:22,190 - INFO - Modern chrome version https://storage.googleapis.com/chrome-for-testing-public/153.0.8010.52/linux64/chromedriver-linux64.zip
2026-09-28 02:32:22,190 - INFO - About to download new driver from https://storage.googleapis.com/chrome-for-testing-public/153.0.8010.52/linux64/chromedriver-linux64.zip
2026-09-28 02:32:22,282 - INFO - Driver downloading response is 200
2026-09-28 02:32:22,786 - INFO - Driver has been saved in cache [/home/runner/.wdm/drivers/chromedriver/linux64/153.0.8010.52]
2026-09-28 02:32:22,788 - INFO - chrome_driver_path: /home/runner/.wdm/drivers/chromedriver/linux64/153.0.8010.52/chromedriver-linux64/chromedriver
2026-09-28 02:32:23,642 - INFO - Removing log file: get-imdb-sha256-20260918020847052.log
2026-09-28 02:32:23,642 - INFO - Chrome Browser Version: 153.0.8010.52
2026-09-28 02:32:23,642 - INFO - ChromeDriver Version: 153.0.8010.52 (78e5e45d4bb41035e17ea4da2cc257f496416ac9-refs/branch-heads/8010@{#1443})
2026-09-28 02:32:23,642 - INFO - Current URL: https://www.imdb.com/search/title/
2026-09-28 02:32:23,642 - INFO - Keyword: Shrek
2026-09-28 02:32:49,301 - ERROR - An error occurred: Message: 
Stacktrace:
#0 0x55fafab619fa <unknown>
#1 0x55fafa4975b9 <unknown>
#2 0x55fafa4eddfc <unknown>
#3 0x55fafa4ee071 <unknown>
#4 0x55fafa53a664 <unknown>
#5 0x55fafa5378de <unknown>
#6 0x55fafa4e0b8b <unknown>
#7 0x55fafa4e1971 <unknown>
#8 0x55fafab24667 <unknown>
#9 0x55fafab22e95 <unknown>
#10 0x55fafab0df55 <unknown>
#11 0x55fafab23aea <unknown>
#12 0x55fafaaf66c9 <unknown>
#13 0x55fafab4b9a8 <unknown>
#14 0x55fafab4bb45 <unknown>
#15 0x55fafab60353 <unknown>
#16 0x7fa7ae29cb84 <unknown>
#17 0x7fa7ae329ecc <unknown>

2026-09-28 02:32:49,394 - INFO - Failed to retrieve SHA-256 hash.
2026-09-28 02:32:49,395 - INFO - ====================END====================
