2026-09-17 02:23:08,425 - INFO - ===================START===================
2026-09-17 02:23:08,425 - INFO - ====== WebDriver manager ======
2026-09-17 02:23:10,092 - INFO - Get LATEST chromedriver version for google-chrome
2026-09-17 02:23:10,145 - INFO - There is no [linux64] chromedriver "152.0.7977.82" for browser google-chrome "152.0.7977" in cache
2026-09-17 02:23:10,177 - INFO - There is no [linux64] chromedriver "152.0.7977.82" for browser google-chrome "152.0.7977" in cache
2026-09-17 02:23:10,177 - INFO - Get LATEST chromedriver version for google-chrome
2026-09-17 02:23:10,296 - INFO - WebDriver version 152.0.7977.82 selected
2026-09-17 02:23:10,301 - INFO - Modern chrome version https://storage.googleapis.com/chrome-for-testing-public/152.0.7977.82/linux64/chromedriver-linux64.zip
2026-09-17 02:23:10,301 - INFO - About to download new driver from https://storage.googleapis.com/chrome-for-testing-public/152.0.7977.82/linux64/chromedriver-linux64.zip
2026-09-17 02:23:10,362 - INFO - Driver downloading response is 200
2026-09-17 02:23:10,583 - INFO - Driver has been saved in cache [/home/runner/.wdm/drivers/chromedriver/linux64/152.0.7977.82]
2026-09-17 02:23:10,584 - INFO - chrome_driver_path: /home/runner/.wdm/drivers/chromedriver/linux64/152.0.7977.82/chromedriver-linux64/chromedriver
2026-09-17 02:23:15,805 - INFO - Removing log file: get-imdb-sha256-20260907015028681.log
2026-09-17 02:23:15,805 - INFO - Chrome Browser Version: 152.0.7977.82
2026-09-17 02:23:15,805 - INFO - ChromeDriver Version: 152.0.7977.82 (d04cdb24d67b081f6cf80200ffc5233f44b61109-refs/branch-heads/7977@{#2322})
2026-09-17 02:23:15,805 - INFO - Current URL: https://www.imdb.com/search/title/
2026-09-17 02:23:15,806 - INFO - Keyword: Shrek
2026-09-17 02:23:41,669 - ERROR - An error occurred: Message: 
Stacktrace:
#0 0x5577b1ec403a <unknown>
#1 0x5577b182c4c9 <unknown>
#2 0x5577b1882242 <unknown>
#3 0x5577b18824a1 <unknown>
#4 0x5577b18cd394 <unknown>
#5 0x5577b18ca5ad <unknown>
#6 0x5577b187583b <unknown>
#7 0x5577b1876621 <unknown>
#8 0x5577b1e885f0 <unknown>
#9 0x5577b1e86c6a <unknown>
#10 0x5577b1e719f5 <unknown>
#11 0x5577b1e8792a <unknown>
#12 0x5577b1e5ad10 <unknown>
#13 0x5577b1eaf158 <unknown>
#14 0x5577b1eaf2f5 <unknown>
#15 0x5577b1ec2bc3 <unknown>
#16 0x7f0580a9cb84 <unknown>
#17 0x7f0580b29d6c <unknown>

2026-09-17 02:23:41,767 - INFO - Failed to retrieve SHA-256 hash.
2026-09-17 02:23:41,767 - INFO - ====================END====================
