2026-07-29 01:40:53,789 - INFO - ===================START===================
2026-07-29 01:40:53,789 - INFO - ====== WebDriver manager ======
2026-07-29 01:40:55,755 - INFO - Get LATEST chromedriver version for google-chrome
2026-07-29 01:40:55,834 - INFO - There is no [linux64] chromedriver "150.0.7871.124" for browser google-chrome "150.0.7871" in cache
2026-07-29 01:40:55,868 - INFO - There is no [linux64] chromedriver "150.0.7871.124" for browser google-chrome "150.0.7871" in cache
2026-07-29 01:40:55,868 - INFO - Get LATEST chromedriver version for google-chrome
2026-07-29 01:40:56,033 - INFO - WebDriver version 150.0.7871.124 selected
2026-07-29 01:40:56,038 - INFO - Modern chrome version https://storage.googleapis.com/chrome-for-testing-public/150.0.7871.124/linux64/chromedriver-linux64.zip
2026-07-29 01:40:56,038 - INFO - About to download new driver from https://storage.googleapis.com/chrome-for-testing-public/150.0.7871.124/linux64/chromedriver-linux64.zip
2026-07-29 01:40:56,165 - INFO - Driver downloading response is 200
2026-07-29 01:40:56,620 - INFO - Driver has been saved in cache [/home/runner/.wdm/drivers/chromedriver/linux64/150.0.7871.124]
2026-07-29 01:40:56,622 - INFO - chrome_driver_path: /home/runner/.wdm/drivers/chromedriver/linux64/150.0.7871.124/chromedriver-linux64/chromedriver
2026-07-29 01:41:03,609 - INFO - Removing log file: get-imdb-sha256-20260719014323857.log
2026-07-29 01:41:03,610 - INFO - Chrome Browser Version: 150.0.7871.128
2026-07-29 01:41:03,610 - INFO - ChromeDriver Version: 150.0.7871.124 (9261fd0a595ac4964ea84e6bd4a025c1173a2ffa-refs/branch-heads/7871@{#3359})
2026-07-29 01:41:03,610 - INFO - Current URL: https://www.imdb.com/search/title/
2026-07-29 01:41:03,610 - INFO - Keyword: Shrek
2026-07-29 01:41:29,801 - ERROR - An error occurred: Message: 
Stacktrace:
#0 0x5565a0d9044a <unknown>
#1 0x5565a07688c9 <unknown>
#2 0x5565a07bdf32 <unknown>
#3 0x5565a07be181 <unknown>
#4 0x5565a0809374 <unknown>
#5 0x5565a080655d <unknown>
#6 0x5565a07b13ff <unknown>
#7 0x5565a07b2261 <unknown>
#8 0x5565a0d55cc7 <unknown>
#9 0x5565a0d544a8 <unknown>
#10 0x5565a0d3f196 <unknown>
#11 0x5565a0d5506a <unknown>
#12 0x5565a0d27020 <unknown>
#13 0x5565a0d7bb98 <unknown>
#14 0x5565a0d7bd35 <unknown>
#15 0x5565a0d8effe <unknown>
#16 0x7f154249caa4 <unknown>
#17 0x7f1542529c6c <unknown>

2026-07-29 01:41:29,889 - INFO - Failed to retrieve SHA-256 hash.
2026-07-29 01:41:29,889 - INFO - ====================END====================
