2026-09-27 02:28:40,446 - INFO - ===================START===================
2026-09-27 02:28:40,446 - INFO - ====== WebDriver manager ======
2026-09-27 02:28:40,644 - INFO - Get LATEST chromedriver version for google-chrome
2026-09-27 02:28:40,733 - INFO - There is no [linux64] chromedriver "153.0.8010.52" for browser google-chrome "153.0.8010" in cache
2026-09-27 02:28:40,767 - INFO - There is no [linux64] chromedriver "153.0.8010.52" for browser google-chrome "153.0.8010" in cache
2026-09-27 02:28:40,767 - INFO - Get LATEST chromedriver version for google-chrome
2026-09-27 02:28:40,904 - INFO - WebDriver version 153.0.8010.52 selected
2026-09-27 02:28:40,909 - INFO - Modern chrome version https://storage.googleapis.com/chrome-for-testing-public/153.0.8010.52/linux64/chromedriver-linux64.zip
2026-09-27 02:28:40,909 - INFO - About to download new driver from https://storage.googleapis.com/chrome-for-testing-public/153.0.8010.52/linux64/chromedriver-linux64.zip
2026-09-27 02:28:40,987 - INFO - Driver downloading response is 200
2026-09-27 02:28:41,215 - INFO - Driver has been saved in cache [/home/runner/.wdm/drivers/chromedriver/linux64/153.0.8010.52]
2026-09-27 02:28:41,216 - INFO - chrome_driver_path: /home/runner/.wdm/drivers/chromedriver/linux64/153.0.8010.52/chromedriver-linux64/chromedriver
2026-09-27 02:28:42,012 - INFO - Removing log file: get-imdb-sha256-20260917022308425.log
2026-09-27 02:28:42,012 - INFO - Chrome Browser Version: 153.0.8010.52
2026-09-27 02:28:42,012 - INFO - ChromeDriver Version: 153.0.8010.52 (78e5e45d4bb41035e17ea4da2cc257f496416ac9-refs/branch-heads/8010@{#1443})
2026-09-27 02:28:42,012 - INFO - Current URL: https://www.imdb.com/search/title/
2026-09-27 02:28:42,012 - INFO - Keyword: Shrek
2026-09-27 02:29:07,772 - ERROR - An error occurred: Message: 
Stacktrace:
#0 0x55de344ee9fa <unknown>
#1 0x55de33e245b9 <unknown>
#2 0x55de33e7adfc <unknown>
#3 0x55de33e7b071 <unknown>
#4 0x55de33ec7664 <unknown>
#5 0x55de33ec48de <unknown>
#6 0x55de33e6db8b <unknown>
#7 0x55de33e6e971 <unknown>
#8 0x55de344b1667 <unknown>
#9 0x55de344afe95 <unknown>
#10 0x55de3449af55 <unknown>
#11 0x55de344b0aea <unknown>
#12 0x55de344836c9 <unknown>
#13 0x55de344d89a8 <unknown>
#14 0x55de344d8b45 <unknown>
#15 0x55de344ed353 <unknown>
#16 0x7f0268a9cb84 <unknown>
#17 0x7f0268b29ecc <unknown>

2026-09-27 02:29:07,862 - INFO - Failed to retrieve SHA-256 hash.
2026-09-27 02:29:07,862 - INFO - ====================END====================
