2026-07-30 01:23:54,457 - INFO - ===================START===================
2026-07-30 01:23:54,457 - INFO - ====== WebDriver manager ======
2026-07-30 01:23:54,906 - INFO - Get LATEST chromedriver version for google-chrome
2026-07-30 01:23:54,959 - INFO - There is no [linux64] chromedriver "150.0.7871.124" for browser google-chrome "150.0.7871" in cache
2026-07-30 01:23:54,987 - INFO - There is no [linux64] chromedriver "150.0.7871.124" for browser google-chrome "150.0.7871" in cache
2026-07-30 01:23:54,987 - INFO - Get LATEST chromedriver version for google-chrome
2026-07-30 01:23:55,123 - INFO - WebDriver version 150.0.7871.124 selected
2026-07-30 01:23:55,127 - INFO - Modern chrome version https://storage.googleapis.com/chrome-for-testing-public/150.0.7871.124/linux64/chromedriver-linux64.zip
2026-07-30 01:23:55,127 - INFO - About to download new driver from https://storage.googleapis.com/chrome-for-testing-public/150.0.7871.124/linux64/chromedriver-linux64.zip
2026-07-30 01:23:55,215 - INFO - Driver downloading response is 200
2026-07-30 01:23:55,361 - INFO - Driver has been saved in cache [/home/runner/.wdm/drivers/chromedriver/linux64/150.0.7871.124]
2026-07-30 01:23:55,362 - INFO - chrome_driver_path: /home/runner/.wdm/drivers/chromedriver/linux64/150.0.7871.124/chromedriver-linux64/chromedriver
2026-07-30 01:23:55,978 - INFO - Removing log file: get-imdb-sha256-20260720031542062.log
2026-07-30 01:23:56,039 - INFO - Chrome Browser Version: 150.0.7871.128
2026-07-30 01:23:56,039 - INFO - ChromeDriver Version: 150.0.7871.124 (9261fd0a595ac4964ea84e6bd4a025c1173a2ffa-refs/branch-heads/7871@{#3359})
2026-07-30 01:23:56,039 - INFO - Current URL: https://www.imdb.com/search/title/
2026-07-30 01:23:56,039 - INFO - Keyword: Shrek
2026-07-30 01:24:22,761 - ERROR - An error occurred: Message: 
Stacktrace:
#0 0x55acbbd3b44a <unknown>
#1 0x55acbb7138c9 <unknown>
#2 0x55acbb768f32 <unknown>
#3 0x55acbb769181 <unknown>
#4 0x55acbb7b4374 <unknown>
#5 0x55acbb7b155d <unknown>
#6 0x55acbb75c3ff <unknown>
#7 0x55acbb75d261 <unknown>
#8 0x55acbbd00cc7 <unknown>
#9 0x55acbbcff4a8 <unknown>
#10 0x55acbbcea196 <unknown>
#11 0x55acbbd0006a <unknown>
#12 0x55acbbcd2020 <unknown>
#13 0x55acbbd26b98 <unknown>
#14 0x55acbbd26d35 <unknown>
#15 0x55acbbd39ffe <unknown>
#16 0x7fe55309caa4 <unknown>
#17 0x7fe553129c6c <unknown>

2026-07-30 01:24:22,840 - INFO - Failed to retrieve SHA-256 hash.
2026-07-30 01:24:22,840 - INFO - ====================END====================
