2026-08-14 01:03:16,478 - INFO - ===================START===================
2026-08-14 01:03:16,478 - INFO - ====== WebDriver manager ======
2026-08-14 01:03:16,767 - INFO - Get LATEST chromedriver version for google-chrome
2026-08-14 01:03:16,834 - INFO - There is no [linux64] chromedriver "150.0.7871.124" for browser google-chrome "150.0.7871" in cache
2026-08-14 01:03:16,868 - INFO - There is no [linux64] chromedriver "150.0.7871.124" for browser google-chrome "150.0.7871" in cache
2026-08-14 01:03:16,868 - INFO - Get LATEST chromedriver version for google-chrome
2026-08-14 01:03:16,978 - INFO - WebDriver version 150.0.7871.124 selected
2026-08-14 01:03:16,983 - INFO - Modern chrome version https://storage.googleapis.com/chrome-for-testing-public/150.0.7871.124/linux64/chromedriver-linux64.zip
2026-08-14 01:03:16,983 - INFO - About to download new driver from https://storage.googleapis.com/chrome-for-testing-public/150.0.7871.124/linux64/chromedriver-linux64.zip
2026-08-14 01:03:17,050 - INFO - Driver downloading response is 200
2026-08-14 01:03:17,253 - INFO - Driver has been saved in cache [/home/runner/.wdm/drivers/chromedriver/linux64/150.0.7871.124]
2026-08-14 01:03:17,255 - INFO - chrome_driver_path: /home/runner/.wdm/drivers/chromedriver/linux64/150.0.7871.124/chromedriver-linux64/chromedriver
2026-08-14 01:03:22,843 - INFO - Removing log file: get-imdb-sha256-20260804012546886.log
2026-08-14 01:03:22,843 - INFO - Chrome Browser Version: 150.0.7871.128
2026-08-14 01:03:22,844 - INFO - ChromeDriver Version: 150.0.7871.124 (9261fd0a595ac4964ea84e6bd4a025c1173a2ffa-refs/branch-heads/7871@{#3359})
2026-08-14 01:03:22,844 - INFO - Current URL: https://www.imdb.com/search/title/
2026-08-14 01:03:22,844 - INFO - Keyword: Shrek
2026-08-14 01:03:48,958 - ERROR - An error occurred: Message: 
Stacktrace:
#0 0x55e200b6044a <unknown>
#1 0x55e2005388c9 <unknown>
#2 0x55e20058df32 <unknown>
#3 0x55e20058e181 <unknown>
#4 0x55e2005d9374 <unknown>
#5 0x55e2005d655d <unknown>
#6 0x55e2005813ff <unknown>
#7 0x55e200582261 <unknown>
#8 0x55e200b25cc7 <unknown>
#9 0x55e200b244a8 <unknown>
#10 0x55e200b0f196 <unknown>
#11 0x55e200b2506a <unknown>
#12 0x55e200af7020 <unknown>
#13 0x55e200b4bb98 <unknown>
#14 0x55e200b4bd35 <unknown>
#15 0x55e200b5effe <unknown>
#16 0x7f2b7ba9caa4 <unknown>
#17 0x7f2b7bb29c6c <unknown>

2026-08-14 01:03:49,052 - INFO - Failed to retrieve SHA-256 hash.
2026-08-14 01:03:49,052 - INFO - ====================END====================
